Archive member included to satisfy reference by file (symbol)

c:/progra~2/gnuarm~1/102021~1.10/bin/../lib/gcc/arm-none-eabi/10.3.1/thumb/v6-m/nofp\libgcc.a(_dvmd_tls.o)
                              CMakeFiles/testtask-uc.dir/C_/Program_Files/Raspberry_Pi/Pico_SDK_v1.5.1/pico-sdk/src/rp2_common/pico_divider/divider.S.obj (__aeabi_idiv0)
c:/progra~2/gnuarm~1/102021~1.10/bin/../lib/gcc/arm-none-eabi/10.3.1/../../../../arm-none-eabi/lib/thumb/v6-m/nofp\libg.a(lib_a-calloc.o)
                              CMakeFiles/testtask-uc.dir/C_/Program_Files/Raspberry_Pi/Pico_SDK_v1.5.1/pico-sdk/src/rp2_common/pico_malloc/pico_malloc.c.obj (calloc)
c:/progra~2/gnuarm~1/102021~1.10/bin/../lib/gcc/arm-none-eabi/10.3.1/../../../../arm-none-eabi/lib/thumb/v6-m/nofp\libg.a(lib_a-callocr.o)
                              c:/progra~2/gnuarm~1/102021~1.10/bin/../lib/gcc/arm-none-eabi/10.3.1/../../../../arm-none-eabi/lib/thumb/v6-m/nofp\libg.a(lib_a-calloc.o) (_calloc_r)
c:/progra~2/gnuarm~1/102021~1.10/bin/../lib/gcc/arm-none-eabi/10.3.1/../../../../arm-none-eabi/lib/thumb/v6-m/nofp\libg.a(lib_a-ctype_.o)
                              CMakeFiles/testtask-uc.dir/main.c.obj (_ctype_)
c:/progra~2/gnuarm~1/102021~1.10/bin/../lib/gcc/arm-none-eabi/10.3.1/../../../../arm-none-eabi/lib/thumb/v6-m/nofp\libg.a(lib_a-errno.o)
                              c:/progra~2/gnuarm~1/102021~1.10/bin/../lib/gcc/arm-none-eabi/10.3.1/../../../../arm-none-eabi/lib/thumb/v6-m/nofp\libg.a(lib_a-callocr.o) (__errno)
c:/progra~2/gnuarm~1/102021~1.10/bin/../lib/gcc/arm-none-eabi/10.3.1/../../../../arm-none-eabi/lib/thumb/v6-m/nofp\libg.a(lib_a-impure.o)
                              c:/progra~2/gnuarm~1/102021~1.10/bin/../lib/gcc/arm-none-eabi/10.3.1/../../../../arm-none-eabi/lib/thumb/v6-m/nofp\libg.a(lib_a-calloc.o) (_impure_ptr)
c:/progra~2/gnuarm~1/102021~1.10/bin/../lib/gcc/arm-none-eabi/10.3.1/../../../../arm-none-eabi/lib/thumb/v6-m/nofp\libg.a(lib_a-init.o)
                              c:/progra~2/gnuarm~1/102021~1.10/bin/../lib/gcc/arm-none-eabi/10.3.1/../../../../arm-none-eabi/lib/thumb/v6-m/nofp/crt0.o (__libc_init_array)
c:/progra~2/gnuarm~1/102021~1.10/bin/../lib/gcc/arm-none-eabi/10.3.1/../../../../arm-none-eabi/lib/thumb/v6-m/nofp\libg.a(lib_a-malloc.o)
                              CMakeFiles/testtask-uc.dir/C_/Program_Files/Raspberry_Pi/Pico_SDK_v1.5.1/pico-sdk/src/rp2_common/pico_malloc/pico_malloc.c.obj (malloc)
c:/progra~2/gnuarm~1/102021~1.10/bin/../lib/gcc/arm-none-eabi/10.3.1/../../../../arm-none-eabi/lib/thumb/v6-m/nofp\libg.a(lib_a-mallocr.o)
                              c:/progra~2/gnuarm~1/102021~1.10/bin/../lib/gcc/arm-none-eabi/10.3.1/../../../../arm-none-eabi/lib/thumb/v6-m/nofp\libg.a(lib_a-callocr.o) (_malloc_r)
c:/progra~2/gnuarm~1/102021~1.10/bin/../lib/gcc/arm-none-eabi/10.3.1/../../../../arm-none-eabi/lib/thumb/v6-m/nofp\libg.a(lib_a-mlock.o)
                              c:/progra~2/gnuarm~1/102021~1.10/bin/../lib/gcc/arm-none-eabi/10.3.1/../../../../arm-none-eabi/lib/thumb/v6-m/nofp\libg.a(lib_a-mallocr.o) (__malloc_lock)
c:/progra~2/gnuarm~1/102021~1.10/bin/../lib/gcc/arm-none-eabi/10.3.1/../../../../arm-none-eabi/lib/thumb/v6-m/nofp\libg.a(lib_a-realloc.o)
                              CMakeFiles/testtask-uc.dir/C_/Program_Files/Raspberry_Pi/Pico_SDK_v1.5.1/pico-sdk/src/rp2_common/pico_malloc/pico_malloc.c.obj (realloc)
c:/progra~2/gnuarm~1/102021~1.10/bin/../lib/gcc/arm-none-eabi/10.3.1/../../../../arm-none-eabi/lib/thumb/v6-m/nofp\libg.a(lib_a-reallocr.o)
                              c:/progra~2/gnuarm~1/102021~1.10/bin/../lib/gcc/arm-none-eabi/10.3.1/../../../../arm-none-eabi/lib/thumb/v6-m/nofp\libg.a(lib_a-realloc.o) (_realloc_r)
c:/progra~2/gnuarm~1/102021~1.10/bin/../lib/gcc/arm-none-eabi/10.3.1/../../../../arm-none-eabi/lib/thumb/v6-m/nofp\libg.a(lib_a-sbrkr.o)
                              c:/progra~2/gnuarm~1/102021~1.10/bin/../lib/gcc/arm-none-eabi/10.3.1/../../../../arm-none-eabi/lib/thumb/v6-m/nofp\libg.a(lib_a-mallocr.o) (_sbrk_r)
c:/progra~2/gnuarm~1/102021~1.10/bin/../lib/gcc/arm-none-eabi/10.3.1/../../../../arm-none-eabi/lib/thumb/v6-m/nofp\libg.a(lib_a-strlen-stub.o)
                              CMakeFiles/testtask-uc.dir/C_/Program_Files/Raspberry_Pi/Pico_SDK_v1.5.1/pico-sdk/src/rp2_common/pico_stdio/stdio.c.obj (strlen)
c:/progra~2/gnuarm~1/102021~1.10/bin/../lib/gcc/arm-none-eabi/10.3.1/../../../../arm-none-eabi/lib/thumb/v6-m/nofp\libg.a(lib_a-freer.o)
                              c:/progra~2/gnuarm~1/102021~1.10/bin/../lib/gcc/arm-none-eabi/10.3.1/../../../../arm-none-eabi/lib/thumb/v6-m/nofp\libg.a(lib_a-malloc.o) (_free_r)
c:/progra~2/gnuarm~1/102021~1.10/bin/../lib/gcc/arm-none-eabi/10.3.1/../../../../arm-none-eabi/lib/thumb/v6-m/nofp\libg.a(lib_a-lock.o)
                              c:/progra~2/gnuarm~1/102021~1.10/bin/../lib/gcc/arm-none-eabi/10.3.1/../../../../arm-none-eabi/lib/thumb/v6-m/nofp\libg.a(lib_a-mlock.o) (__retarget_lock_acquire_recursive)
[...]
Memory Configuration

Name             Origin             Length             Attributes
FLASH            0x10000000         0x00200000         xr
RAM              0x20000000         0x00040000         xrw
SCRATCH_X        0x20040000         0x00001000         xrw
SCRATCH_Y        0x20041000         0x00001000         xrw
*default*        0x00000000         0xffffffff

Linker script and memory map

LOAD c:/progra~2/gnuarm~1/102021~1.10/bin/../lib/gcc/arm-none-eabi/10.3.1/thumb/v6-m/nofp/crti.o
LOAD c:/progra~2/gnuarm~1/102021~1.10/bin/../lib/gcc/arm-none-eabi/10.3.1/thumb/v6-m/nofp/crtbegin.o
LOAD c:/progra~2/gnuarm~1/102021~1.10/bin/../lib/gcc/arm-none-eabi/10.3.1/../../../../arm-none-eabi/lib/thumb/v6-m/nofp/crt0.o

.flash_begin    0x10000000        0x0
                0x10000000                __flash_binary_start = .

.boot2          0x10000000      0x100
                0x10000000                __boot2_start__ = .
 *(.boot2)
 .boot2         0x10000000      0x100 C:\Users\admin\AppData\Local\Temp\cckmxlZx.o
                0x10000100                __boot2_end__ = .
                0x00000001                ASSERT (((__boot2_end__ - __boot2_start__) == 0x100), ERROR: Pico second stage bootloader must be 256 bytes in size)

.text           0x10000100     0x7690
                0x10000100                __logical_binary_start = .
 *(.vectors)
 .vectors       0x10000100       0xd4 CMakeFiles/testtask-uc.dir/C_/Program_Files/Raspberry_Pi/Pico_SDK_v1.5.1/pico-sdk/src/rp2_common/pico_standard_link/crt0.S.obj
                0x10000100                __VECTOR_TABLE
                0x10000100                __vectors
                0x100001c0                isr_invalid
                0x100001c0                __default_isrs_start
                0x100001c2                isr_nmi
                0x100001c4                isr_hardfault
                0x100001c6                isr_svcall
                0x100001c8                isr_pendsv
                0x100001ca                isr_systick
                0x100001cc                isr_irq23
                0x100001cc                isr_irq18
                0x100001cc                isr_irq11
                0x100001cc                isr_irq28
                0x100001cc                isr_irq19
                0x100001cc                isr_irq0
                0x100001cc                isr_irq6
                0x100001cc                isr_irq5
                0x100001cc                isr_irq12
                0x100001cc                isr_irq22
                0x100001cc                isr_irq31
                0x100001cc                isr_irq17
                0x100001cc                isr_irq27
                0x100001cc                isr_irq30
                0x100001cc                isr_irq2
                0x100001cc                isr_irq10
                0x100001cc                isr_irq8
                0x100001cc                isr_irq24
                0x100001cc                isr_irq1
                0x100001cc                isr_irq7
                0x100001cc                isr_irq21
                0x100001cc                isr_irq20
                0x100001cc                isr_irq15
                0x100001cc                isr_irq25
                0x100001cc                isr_irq13
                0x100001cc                __unhandled_user_irq
                0x100001cc                isr_irq4
                0x100001cc                isr_irq16
                0x100001cc                isr_irq29
                0x100001cc                isr_irq26
                0x100001cc                __default_isrs_end
                0x100001cc                isr_irq3
                0x100001cc                isr_irq14
                0x100001cc                isr_irq9
                0x100001d2                unhandled_user_irq_num_in_r0
 *(.binary_info_header)
 .binary_info_header
                0x100001d4       0x14 CMakeFiles/testtask-uc.dir/C_/Program_Files/Raspberry_Pi/Pico_SDK_v1.5.1/pico-sdk/src/rp2_common/pico_standard_link/crt0.S.obj
                0x100001e8                __binary_info_header_end = .
 *(.reset)
 .reset         0x100001e8       0xa0 CMakeFiles/testtask-uc.dir/C_/Program_Files/Raspberry_Pi/Pico_SDK_v1.5.1/pico-sdk/src/rp2_common/pico_standard_link/crt0.S.obj
                0x100001e8                _entry_point
 .reset         0x10000288       0x30 CMakeFiles/testtask-uc.dir/C_/Program_Files/Raspberry_Pi/Pico_SDK_v1.5.1/pico-sdk/src/rp2_common/pico_standard_link/binary_info.c.obj
 *(.init)
 .init          0x100002b8        0x4 c:/progra~2/gnuarm~1/102021~1.10/bin/../lib/gcc/arm-none-eabi/10.3.1/thumb/v6-m/nofp/crti.o
                0x100002b8                _init
 *(EXCLUDE_FILE(*libm.a: *libc.a:*lib_a-mem*.o *libgcc.a:) .text*)
 .text          0x100002bc       0x48 c:/progra~2/gnuarm~1/102021~1.10/bin/../lib/gcc/arm-none-eabi/10.3.1/thumb/v6-m/nofp/crtbegin.o
 .text.on_uart_rx
                0x10000304       0x58 CMakeFiles/testtask-uc.dir/main.c.obj
                0x10000304                on_uart_rx
 .text.led_task
                0x1000035c      0x6b0 CMakeFiles/testtask-uc.dir/main.c.obj
                0x1000035c                led_task
 .text.UART_Init
                0x10000a0c       0x58 CMakeFiles/testtask-uc.dir/main.c.obj
                0x10000a0c                UART_Init
 .text.PWM_Init
                0x10000a64       0xc8 CMakeFiles/testtask-uc.dir/main.c.obj
                0x10000a64                PWM_Init
 .text.main     0x10000b2c       0x1c CMakeFiles/testtask-uc.dir/main.c.obj
                0x10000b2c                main
 .text.gpio_set_function
                0x10000b48       0x30 CMakeFiles/testtask-uc.dir/C_/Program_Files/Raspberry_Pi/Pico_SDK_v1.5.1/pico-sdk/src/rp2_common/hardware_gpio/gpio.c.obj
                0x10000b48                gpio_set_function
 .text.running_on_fpga
                0x10000b78       0x14 CMakeFiles/testtask-uc.dir/C_/Program_Files/Raspberry_Pi/Pico_SDK_v1.5.1/pico-sdk/src/rp2_common/pico_platform/platform.c.obj
                0x10000b78                running_on_fpga
 .text.hw_claim_lock
                0x10000b8c       0x18 CMakeFiles/testtask-uc.dir/C_/Program_Files/Raspberry_Pi/Pico_SDK_v1.5.1/pico-sdk/src/rp2_common/hardware_claim/claim.c.obj
                0x10000b8c                hw_claim_lock
 .text.hw_claim_unlock
                0x10000ba4       0x14 CMakeFiles/testtask-uc.dir/C_/Program_Files/Raspberry_Pi/Pico_SDK_v1.5.1/pico-sdk/src/rp2_common/hardware_claim/claim.c.obj
                0x10000ba4                hw_claim_unlock
 .text.hw_claim_or_assert
                0x10000bb8       0x32 CMakeFiles/testtask-uc.dir/C_/Program_Files/Raspberry_Pi/Pico_SDK_v1.5.1/pico-sdk/src/rp2_common/hardware_claim/claim.c.obj
                0x10000bb8                hw_claim_or_assert
 .text.hw_claim_unused_from_range
                0x10000bea       0x50 CMakeFiles/testtask-uc.dir/C_/Program_Files/Raspberry_Pi/Pico_SDK_v1.5.1/pico-sdk/src/rp2_common/hardware_claim/claim.c.obj
                0x10000bea                hw_claim_unused_from_range
 *fill*         0x10000c3a        0x2 
 .text.spin_locks_reset
                0x10000c3c       0x20 CMakeFiles/testtask-uc.dir/C_/Program_Files/Raspberry_Pi/Pico_SDK_v1.5.1/pico-sdk/src/rp2_common/hardware_sync/sync.c.obj
                0x10000c3c                spin_locks_reset
 .text.next_striped_spin_lock_num
                0x10000c5c       0x1c CMakeFiles/testtask-uc.dir/C_/Program_Files/Raspberry_Pi/Pico_SDK_v1.5.1/pico-sdk/src/rp2_common/hardware_sync/sync.c.obj
                0x10000c5c                next_striped_spin_lock_num
 .text.spin_lock_claim_unused
                0x10000c78       0x20 CMakeFiles/testtask-uc.dir/C_/Program_Files/Raspberry_Pi/Pico_SDK_v1.5.1/pico-sdk/src/rp2_common/hardware_sync/sync.c.obj
                0x10000c78                spin_lock_claim_unused
 .text.set_raw_irq_handler_and_unlock
                0x10000c98       0x28 CMakeFiles/testtask-uc.dir/C_/Program_Files/Raspberry_Pi/Pico_SDK_v1.5.1/pico-sdk/src/rp2_common/hardware_irq/irq.c.obj
 .text.make_branch
                0x10000cc0       0x48 CMakeFiles/testtask-uc.dir/C_/Program_Files/Raspberry_Pi/Pico_SDK_v1.5.1/pico-sdk/src/rp2_common/hardware_irq/irq.c.obj
 .text.insert_branch_and_link
                0x10000d08       0x40 CMakeFiles/testtask-uc.dir/C_/Program_Files/Raspberry_Pi/Pico_SDK_v1.5.1/pico-sdk/src/rp2_common/hardware_irq/irq.c.obj
 .text.irq_is_enabled
                0x10000d48       0x18 CMakeFiles/testtask-uc.dir/C_/Program_Files/Raspberry_Pi/Pico_SDK_v1.5.1/pico-sdk/src/rp2_common/hardware_irq/irq.c.obj
                0x10000d48                irq_is_enabled
 .text.irq_set_mask_enabled
                0x10000d60       0x20 CMakeFiles/testtask-uc.dir/C_/Program_Files/Raspberry_Pi/Pico_SDK_v1.5.1/pico-sdk/src/rp2_common/hardware_irq/irq.c.obj
                0x10000d60                irq_set_mask_enabled
 .text.irq_set_enabled
                0x10000d80        0xe CMakeFiles/testtask-uc.dir/C_/Program_Files/Raspberry_Pi/Pico_SDK_v1.5.1/pico-sdk/src/rp2_common/hardware_irq/irq.c.obj
                0x10000d80                irq_set_enabled
 *fill*         0x10000d8e        0x2 
 .text.irq_set_pending
                0x10000d90       0x10 CMakeFiles/testtask-uc.dir/C_/Program_Files/Raspberry_Pi/Pico_SDK_v1.5.1/pico-sdk/src/rp2_common/hardware_irq/irq.c.obj
                0x10000d90                irq_set_pending
 .text.irq_get_vtable_handler
                0x10000da0       0x10 CMakeFiles/testtask-uc.dir/C_/Program_Files/Raspberry_Pi/Pico_SDK_v1.5.1/pico-sdk/src/rp2_common/hardware_irq/irq.c.obj
                0x10000da0                irq_get_vtable_handler
 .text.irq_has_shared_handler
                0x10000db0       0x24 CMakeFiles/testtask-uc.dir/C_/Program_Files/Raspberry_Pi/Pico_SDK_v1.5.1/pico-sdk/src/rp2_common/hardware_irq/irq.c.obj
                0x10000db0                irq_has_shared_handler
 .text.irq_set_exclusive_handler
                0x10000dd4       0x54 CMakeFiles/testtask-uc.dir/C_/Program_Files/Raspberry_Pi/Pico_SDK_v1.5.1/pico-sdk/src/rp2_common/hardware_irq/irq.c.obj
                0x10000dd4                irq_set_exclusive_handler
 .text.irq_add_shared_handler
                0x10000e28      0x234 CMakeFiles/testtask-uc.dir/C_/Program_Files/Raspberry_Pi/Pico_SDK_v1.5.1/pico-sdk/src/rp2_common/hardware_irq/irq.c.obj
                0x10000e28                irq_add_shared_handler
 .text.irq_remove_handler
                0x1000105c      0x1ac CMakeFiles/testtask-uc.dir/C_/Program_Files/Raspberry_Pi/Pico_SDK_v1.5.1/pico-sdk/src/rp2_common/hardware_irq/irq.c.obj
                0x1000105c                irq_remove_handler
 .text.irq_add_tail_to_free_list
                0x10001208       0xf0 CMakeFiles/testtask-uc.dir/C_/Program_Files/Raspberry_Pi/Pico_SDK_v1.5.1/pico-sdk/src/rp2_common/hardware_irq/irq.c.obj
                0x10001208                irq_add_tail_to_free_list
 .text.irq_init_priorities
                0x100012f8       0x1c CMakeFiles/testtask-uc.dir/C_/Program_Files/Raspberry_Pi/Pico_SDK_v1.5.1/pico-sdk/src/rp2_common/hardware_irq/irq.c.obj
                0x100012f8                irq_init_priorities
 .text.user_irq_claim_unused
                0x10001314       0x28 CMakeFiles/testtask-uc.dir/C_/Program_Files/Raspberry_Pi/Pico_SDK_v1.5.1/pico-sdk/src/rp2_common/hardware_irq/irq.c.obj
                0x10001314                user_irq_claim_unused
 .text.lock_init
                0x1000133c       0x10 CMakeFiles/testtask-uc.dir/C_/Program_Files/Raspberry_Pi/Pico_SDK_v1.5.1/pico-sdk/src/common/pico_sync/lock_core.c.obj
                0x1000133c                lock_init
 .text.mutex_init
                0x1000134c       0x1a CMakeFiles/testtask-uc.dir/C_/Program_Files/Raspberry_Pi/Pico_SDK_v1.5.1/pico-sdk/src/common/pico_sync/mutex.c.obj
                0x1000134c                mutex_init
 .text.recursive_mutex_init
                0x10001366       0x1e CMakeFiles/testtask-uc.dir/C_/Program_Files/Raspberry_Pi/Pico_SDK_v1.5.1/pico-sdk/src/common/pico_sync/mutex.c.obj
                0x10001366                recursive_mutex_init
 .text.critical_section_init_with_lock_num
                0x10001384       0x14 CMakeFiles/testtask-uc.dir/C_/Program_Files/Raspberry_Pi/Pico_SDK_v1.5.1/pico-sdk/src/common/pico_sync/critical_section.c.obj
                0x10001384                critical_section_init_with_lock_num
 .text.critical_section_init
                0x10001398       0x14 CMakeFiles/testtask-uc.dir/C_/Program_Files/Raspberry_Pi/Pico_SDK_v1.5.1/pico-sdk/src/common/pico_sync/critical_section.c.obj
                0x10001398                critical_section_init
 .text.alarm_pool_post_alloc_init
                0x100013ac       0x40 CMakeFiles/testtask-uc.dir/C_/Program_Files/Raspberry_Pi/Pico_SDK_v1.5.1/pico-sdk/src/common/pico_time/time.c.obj
 .text.sleep_until_callback
                0x100013ec       0x30 CMakeFiles/testtask-uc.dir/C_/Program_Files/Raspberry_Pi/Pico_SDK_v1.5.1/pico-sdk/src/common/pico_time/time.c.obj
 .text.timer_pool_entry_comparator
                0x1000141c       0x7c CMakeFiles/testtask-uc.dir/C_/Program_Files/Raspberry_Pi/Pico_SDK_v1.5.1/pico-sdk/src/common/pico_time/time.c.obj
                0x1000141c                timer_pool_entry_comparator
 .text.ph_add_child_node
                0x10001498       0xa4 CMakeFiles/testtask-uc.dir/C_/Program_Files/Raspberry_Pi/Pico_SDK_v1.5.1/pico-sdk/src/common/pico_time/time.c.obj
 .text.ph_merge_nodes
                0x1000153c       0x3e CMakeFiles/testtask-uc.dir/C_/Program_Files/Raspberry_Pi/Pico_SDK_v1.5.1/pico-sdk/src/common/pico_time/time.c.obj
 *fill*         0x1000157a        0x2 
 .text.add_alarm_under_lock
                0x1000157c      0x174 CMakeFiles/testtask-uc.dir/C_/Program_Files/Raspberry_Pi/Pico_SDK_v1.5.1/pico-sdk/src/common/pico_time/time.c.obj
 .text.alarm_pool_alarm_callback
                0x100016f0      0x33c CMakeFiles/testtask-uc.dir/C_/Program_Files/Raspberry_Pi/Pico_SDK_v1.5.1/pico-sdk/src/common/pico_time/time.c.obj
 .text.alarm_pool_init_default
                0x10001a2c       0x40 CMakeFiles/testtask-uc.dir/C_/Program_Files/Raspberry_Pi/Pico_SDK_v1.5.1/pico-sdk/src/common/pico_time/time.c.obj
                0x10001a2c                alarm_pool_init_default
 .text.alarm_pool_get_default
                0x10001a6c       0x2c CMakeFiles/testtask-uc.dir/C_/Program_Files/Raspberry_Pi/Pico_SDK_v1.5.1/pico-sdk/src/common/pico_time/time.c.obj
                0x10001a6c                alarm_pool_get_default
 .text.alarm_pool_add_alarm_at
                0x10001a98      0x168 CMakeFiles/testtask-uc.dir/C_/Program_Files/Raspberry_Pi/Pico_SDK_v1.5.1/pico-sdk/src/common/pico_time/time.c.obj
                0x10001a98                alarm_pool_add_alarm_at
 .text.alarm_pool_cancel_alarm
                0x10001c00       0xf8 CMakeFiles/testtask-uc.dir/C_/Program_Files/Raspberry_Pi/Pico_SDK_v1.5.1/pico-sdk/src/common/pico_time/time.c.obj
                0x10001c00                alarm_pool_cancel_alarm
 .text.alarm_pool_core_num
                0x10001cf8        0x4 CMakeFiles/testtask-uc.dir/C_/Program_Files/Raspberry_Pi/Pico_SDK_v1.5.1/pico-sdk/src/common/pico_time/time.c.obj
                0x10001cf8                alarm_pool_core_num
 .text.sleep_until
                0x10001cfc       0xfc CMakeFiles/testtask-uc.dir/C_/Program_Files/Raspberry_Pi/Pico_SDK_v1.5.1/pico-sdk/src/common/pico_time/time.c.obj
                0x10001cfc                sleep_until
 .text.sleep_us
                0x10001df8       0x58 CMakeFiles/testtask-uc.dir/C_/Program_Files/Raspberry_Pi/Pico_SDK_v1.5.1/pico-sdk/src/common/pico_time/time.c.obj
                0x10001df8                sleep_us
 .text.sleep_ms
                0x10001e50       0x14 CMakeFiles/testtask-uc.dir/C_/Program_Files/Raspberry_Pi/Pico_SDK_v1.5.1/pico-sdk/src/common/pico_time/time.c.obj
                0x10001e50                sleep_ms
 .text.best_effort_wfe_or_timeout
                0x10001e64       0xac CMakeFiles/testtask-uc.dir/C_/Program_Files/Raspberry_Pi/Pico_SDK_v1.5.1/pico-sdk/src/common/pico_time/time.c.obj
                0x10001e64                best_effort_wfe_or_timeout
 .text.hardware_alarm_irq_handler
                0x10001f10       0x90 CMakeFiles/testtask-uc.dir/C_/Program_Files/Raspberry_Pi/Pico_SDK_v1.5.1/pico-sdk/src/rp2_common/hardware_timer/timer.c.obj
 .text.hardware_alarm_claim
                0x10001fa0       0x18 CMakeFiles/testtask-uc.dir/C_/Program_Files/Raspberry_Pi/Pico_SDK_v1.5.1/pico-sdk/src/rp2_common/hardware_timer/timer.c.obj
                0x10001fa0                hardware_alarm_claim
 .text.time_us_64
                0x10001fb8       0x18 CMakeFiles/testtask-uc.dir/C_/Program_Files/Raspberry_Pi/Pico_SDK_v1.5.1/pico-sdk/src/rp2_common/hardware_timer/timer.c.obj
                0x10001fb8                time_us_64
 .text.busy_wait_until
                0x10001fd0       0x28 CMakeFiles/testtask-uc.dir/C_/Program_Files/Raspberry_Pi/Pico_SDK_v1.5.1/pico-sdk/src/rp2_common/hardware_timer/timer.c.obj
                0x10001fd0                busy_wait_until
 .text.busy_wait_us
                0x10001ff8       0x48 CMakeFiles/testtask-uc.dir/C_/Program_Files/Raspberry_Pi/Pico_SDK_v1.5.1/pico-sdk/src/rp2_common/hardware_timer/timer.c.obj
                0x10001ff8                busy_wait_us
 .text.hardware_alarm_set_callback
                0x10002040       0x90 CMakeFiles/testtask-uc.dir/C_/Program_Files/Raspberry_Pi/Pico_SDK_v1.5.1/pico-sdk/src/rp2_common/hardware_timer/timer.c.obj
                0x10002040                hardware_alarm_set_callback
 .text.hardware_alarm_set_target
                0x100020d0       0xe8 CMakeFiles/testtask-uc.dir/C_/Program_Files/Raspberry_Pi/Pico_SDK_v1.5.1/pico-sdk/src/rp2_common/hardware_timer/timer.c.obj
                0x100020d0                hardware_alarm_set_target
 .text.hardware_alarm_cancel
                0x100021b8       0x40 CMakeFiles/testtask-uc.dir/C_/Program_Files/Raspberry_Pi/Pico_SDK_v1.5.1/pico-sdk/src/rp2_common/hardware_timer/timer.c.obj
                0x100021b8                hardware_alarm_cancel
 .text.ph_add_child_node
                0x100021f8       0xa4 CMakeFiles/testtask-uc.dir/C_/Program_Files/Raspberry_Pi/Pico_SDK_v1.5.1/pico-sdk/src/common/pico_util/pheap.c.obj
 .text.ph_merge_nodes
                0x1000229c       0x3e CMakeFiles/testtask-uc.dir/C_/Program_Files/Raspberry_Pi/Pico_SDK_v1.5.1/pico-sdk/src/common/pico_util/pheap.c.obj
 *fill*         0x100022da        0x2 
 .text.ph_clear
                0x100022dc       0x70 CMakeFiles/testtask-uc.dir/C_/Program_Files/Raspberry_Pi/Pico_SDK_v1.5.1/pico-sdk/src/common/pico_util/pheap.c.obj
                0x100022dc                ph_clear
 .text.ph_post_alloc_init
                0x1000234c        0xe CMakeFiles/testtask-uc.dir/C_/Program_Files/Raspberry_Pi/Pico_SDK_v1.5.1/pico-sdk/src/common/pico_util/pheap.c.obj
                0x1000234c                ph_post_alloc_init
 *fill*         0x1000235a        0x2 
 .text.ph_merge_two_pass
                0x1000235c       0xa8 CMakeFiles/testtask-uc.dir/C_/Program_Files/Raspberry_Pi/Pico_SDK_v1.5.1/pico-sdk/src/common/pico_util/pheap.c.obj
                0x1000235c                ph_merge_two_pass
 .text.ph_remove_any_head
                0x10002404      0x128 CMakeFiles/testtask-uc.dir/C_/Program_Files/Raspberry_Pi/Pico_SDK_v1.5.1/pico-sdk/src/common/pico_util/pheap.c.obj
 .text.ph_remove_head
                0x1000252c       0x14 CMakeFiles/testtask-uc.dir/C_/Program_Files/Raspberry_Pi/Pico_SDK_v1.5.1/pico-sdk/src/common/pico_util/pheap.c.obj
                0x1000252c                ph_remove_head
 .text.ph_remove_and_free_node
                0x10002540       0xf8 CMakeFiles/testtask-uc.dir/C_/Program_Files/Raspberry_Pi/Pico_SDK_v1.5.1/pico-sdk/src/common/pico_util/pheap.c.obj
                0x10002540                ph_remove_and_free_node
 .text.uart_disable_before_lcr_write
                0x10002638       0x48 CMakeFiles/testtask-uc.dir/C_/Program_Files/Raspberry_Pi/Pico_SDK_v1.5.1/pico-sdk/src/rp2_common/hardware_uart/uart.c.obj
 .text.uart_write_lcr_bits_masked
                0x10002680       0x22 CMakeFiles/testtask-uc.dir/C_/Program_Files/Raspberry_Pi/Pico_SDK_v1.5.1/pico-sdk/src/rp2_common/hardware_uart/uart.c.obj
 *fill*         0x100026a2        0x2 
 .text.uart_set_baudrate
                0x100026a4       0x5c CMakeFiles/testtask-uc.dir/C_/Program_Files/Raspberry_Pi/Pico_SDK_v1.5.1/pico-sdk/src/rp2_common/hardware_uart/uart.c.obj
                0x100026a4                uart_set_baudrate
 .text.uart_set_format
                0x10002700       0x2c CMakeFiles/testtask-uc.dir/C_/Program_Files/Raspberry_Pi/Pico_SDK_v1.5.1/pico-sdk/src/rp2_common/hardware_uart/uart.c.obj
                0x10002700                uart_set_format
 .text.uart_set_fifo_enabled
                0x1000272c       0x10 CMakeFiles/testtask-uc.dir/C_/Program_Files/Raspberry_Pi/Pico_SDK_v1.5.1/pico-sdk/src/rp2_common/hardware_uart/uart.c.obj
                0x1000272c                uart_set_fifo_enabled
 .text.uart_set_translate_crlf
                0x1000273c       0x28 CMakeFiles/testtask-uc.dir/C_/Program_Files/Raspberry_Pi/Pico_SDK_v1.5.1/pico-sdk/src/rp2_common/hardware_uart/uart.c.obj
                0x1000273c                uart_set_translate_crlf
 .text.uart_init
                0x10002764       0x80 CMakeFiles/testtask-uc.dir/C_/Program_Files/Raspberry_Pi/Pico_SDK_v1.5.1/pico-sdk/src/rp2_common/hardware_uart/uart.c.obj
                0x10002764                uart_init
 .text.clock_configure
                0x100027e4      0x108 CMakeFiles/testtask-uc.dir/C_/Program_Files/Raspberry_Pi/Pico_SDK_v1.5.1/pico-sdk/src/rp2_common/hardware_clocks/clocks.c.obj
                0x100027e4                clock_configure
 .text.clocks_init
                0x100028ec      0x100 CMakeFiles/testtask-uc.dir/C_/Program_Files/Raspberry_Pi/Pico_SDK_v1.5.1/pico-sdk/src/rp2_common/hardware_clocks/clocks.c.obj
                0x100028ec                clocks_init
 .text.clock_get_hz
                0x100029ec        0xc CMakeFiles/testtask-uc.dir/C_/Program_Files/Raspberry_Pi/Pico_SDK_v1.5.1/pico-sdk/src/rp2_common/hardware_clocks/clocks.c.obj
                0x100029ec                clock_get_hz
 .text.pll_init
                0x100029f8      0x120 CMakeFiles/testtask-uc.dir/C_/Program_Files/Raspberry_Pi/Pico_SDK_v1.5.1/pico-sdk/src/rp2_common/hardware_pll/pll.c.obj
                0x100029f8                pll_init
 .text.watchdog_start_tick
                0x10002b18       0x10 CMakeFiles/testtask-uc.dir/C_/Program_Files/Raspberry_Pi/Pico_SDK_v1.5.1/pico-sdk/src/rp2_common/hardware_watchdog/watchdog.c.obj
                0x10002b18                watchdog_start_tick
 .text.watchdog_update
                0x10002b28       0x14 CMakeFiles/testtask-uc.dir/C_/Program_Files/Raspberry_Pi/Pico_SDK_v1.5.1/pico-sdk/src/rp2_common/hardware_watchdog/watchdog.c.obj
                0x10002b28                watchdog_update
 .text._watchdog_enable
                0x10002b3c       0x78 CMakeFiles/testtask-uc.dir/C_/Program_Files/Raspberry_Pi/Pico_SDK_v1.5.1/pico-sdk/src/rp2_common/hardware_watchdog/watchdog.c.obj
                0x10002b3c                _watchdog_enable
 .text.watchdog_reboot
                0x10002bb4       0x48 CMakeFiles/testtask-uc.dir/C_/Program_Files/Raspberry_Pi/Pico_SDK_v1.5.1/pico-sdk/src/rp2_common/hardware_watchdog/watchdog.c.obj
                0x10002bb4                watchdog_reboot
 .text.xosc_init
                0x10002bfc       0x28 CMakeFiles/testtask-uc.dir/C_/Program_Files/Raspberry_Pi/Pico_SDK_v1.5.1/pico-sdk/src/rp2_common/hardware_xosc/xosc.c.obj
                0x10002bfc                xosc_init
 .text._exit    0x10002c24        0x4 CMakeFiles/testtask-uc.dir/C_/Program_Files/Raspberry_Pi/Pico_SDK_v1.5.1/pico-sdk/src/rp2_common/pico_runtime/runtime.c.obj
                0x10002c24                _exit
 .text.exit     0x10002c28        0x6 CMakeFiles/testtask-uc.dir/C_/Program_Files/Raspberry_Pi/Pico_SDK_v1.5.1/pico-sdk/src/rp2_common/pico_runtime/runtime.c.obj
                0x10002c28                exit
 *fill*         0x10002c2e        0x2 
 .text.__assert_func
                0x10002c30       0x3c CMakeFiles/testtask-uc.dir/C_/Program_Files/Raspberry_Pi/Pico_SDK_v1.5.1/pico-sdk/src/rp2_common/pico_runtime/runtime.c.obj
                0x10002c30                __assert_func
 .text.runtime_init
                0x10002c6c       0xf8 CMakeFiles/testtask-uc.dir/C_/Program_Files/Raspberry_Pi/Pico_SDK_v1.5.1/pico-sdk/src/rp2_common/pico_runtime/runtime.c.obj
                0x10002c6c                runtime_init
 .text.panic    0x10002d64       0x30 CMakeFiles/testtask-uc.dir/C_/Program_Files/Raspberry_Pi/Pico_SDK_v1.5.1/pico-sdk/src/rp2_common/pico_runtime/runtime.c.obj
                0x10002d64                panic
 .text._out_null
                0x10002d94        0x2 CMakeFiles/testtask-uc.dir/C_/Program_Files/Raspberry_Pi/Pico_SDK_v1.5.1/pico-sdk/src/rp2_common/pico_printf/printf.c.obj
 .text._out_fct
                0x10002d96        0xe CMakeFiles/testtask-uc.dir/C_/Program_Files/Raspberry_Pi/Pico_SDK_v1.5.1/pico-sdk/src/rp2_common/pico_printf/printf.c.obj
 .text._atoi    0x10002da4       0x24 CMakeFiles/testtask-uc.dir/C_/Program_Files/Raspberry_Pi/Pico_SDK_v1.5.1/pico-sdk/src/rp2_common/pico_printf/printf.c.obj
 .text._out_rev
                0x10002dc8       0xae CMakeFiles/testtask-uc.dir/C_/Program_Files/Raspberry_Pi/Pico_SDK_v1.5.1/pico-sdk/src/rp2_common/pico_printf/printf.c.obj
 .text._ntoa_format
                0x10002e76      0x112 CMakeFiles/testtask-uc.dir/C_/Program_Files/Raspberry_Pi/Pico_SDK_v1.5.1/pico-sdk/src/rp2_common/pico_printf/printf.c.obj
 .text._ntoa_long
                0x10002f88       0xbc CMakeFiles/testtask-uc.dir/C_/Program_Files/Raspberry_Pi/Pico_SDK_v1.5.1/pico-sdk/src/rp2_common/pico_printf/printf.c.obj
 .text._ntoa_long_long
                0x10003044       0xe2 CMakeFiles/testtask-uc.dir/C_/Program_Files/Raspberry_Pi/Pico_SDK_v1.5.1/pico-sdk/src/rp2_common/pico_printf/printf.c.obj
 *fill*         0x10003126        0x2 
 .text._etoa    0x10003128      0x414 CMakeFiles/testtask-uc.dir/C_/Program_Files/Raspberry_Pi/Pico_SDK_v1.5.1/pico-sdk/src/rp2_common/pico_printf/printf.c.obj
 .text._ftoa    0x1000353c      0x354 CMakeFiles/testtask-uc.dir/C_/Program_Files/Raspberry_Pi/Pico_SDK_v1.5.1/pico-sdk/src/rp2_common/pico_printf/printf.c.obj
 .text._vsnprintf
                0x10003890      0x624 CMakeFiles/testtask-uc.dir/C_/Program_Files/Raspberry_Pi/Pico_SDK_v1.5.1/pico-sdk/src/rp2_common/pico_printf/printf.c.obj
 .text.vfctprintf
                0x10003eb4       0x20 CMakeFiles/testtask-uc.dir/C_/Program_Files/Raspberry_Pi/Pico_SDK_v1.5.1/pico-sdk/src/rp2_common/pico_printf/printf.c.obj
                0x10003eb4                vfctprintf
 .text          0x10003ed4       0x10 CMakeFiles/testtask-uc.dir/C_/Program_Files/Raspberry_Pi/Pico_SDK_v1.5.1/pico-sdk/src/rp2_common/pico_bit_ops/bit_ops_aeabi.S.obj
 .text.rom_func_lookup
                0x10003ee4       0x10 CMakeFiles/testtask-uc.dir/C_/Program_Files/Raspberry_Pi/Pico_SDK_v1.5.1/pico-sdk/src/rp2_common/pico_bootrom/bootrom.c.obj
                0x10003ee4                rom_func_lookup
 .text.rom_data_lookup
                0x10003ef4       0x10 CMakeFiles/testtask-uc.dir/C_/Program_Files/Raspberry_Pi/Pico_SDK_v1.5.1/pico-sdk/src/rp2_common/pico_bootrom/bootrom.c.obj
                0x10003ef4                rom_data_lookup
 .text.rom_funcs_lookup
                0x10003f04       0x36 CMakeFiles/testtask-uc.dir/C_/Program_Files/Raspberry_Pi/Pico_SDK_v1.5.1/pico-sdk/src/rp2_common/pico_bootrom/bootrom.c.obj
                0x10003f04                rom_funcs_lookup
 *fill*         0x10003f3a        0x2 
 .text.__wrap___aeabi_idiv
                0x10003f3c       0x50 CMakeFiles/testtask-uc.dir/C_/Program_Files/Raspberry_Pi/Pico_SDK_v1.5.1/pico-sdk/src/rp2_common/pico_divider/divider.S.obj
                0x10003f3c                __wrap___aeabi_idivmod
                0x10003f3c                divmod_s32s32
                0x10003f3c                div_s32s32
                0x10003f3c                __wrap___aeabi_idiv
                0x10003f44                divmod_s32s32_unsafe
                0x10003f70                divmod_s32s32_savestate
 .text.__wrap___aeabi_uidiv
                0x10003f8c       0x4c CMakeFiles/testtask-uc.dir/C_/Program_Files/Raspberry_Pi/Pico_SDK_v1.5.1/pico-sdk/src/rp2_common/pico_divider/divider.S.obj
                0x10003f8c                __wrap___aeabi_uidiv
                0x10003f8c                __wrap___aeabi_uidivmod
                0x10003f8c                div_u32u32
                0x10003f8c                divmod_u32u32
                0x10003f94                divmod_u32u32_unsafe
                0x10003fbc                divmod_u32u32_savestate
 .text.__wrap___aeabi_ldiv
                0x10003fd8      0x424 CMakeFiles/testtask-uc.dir/C_/Program_Files/Raspberry_Pi/Pico_SDK_v1.5.1/pico-sdk/src/rp2_common/pico_divider/divider.S.obj
                0x10003fd8                div_s64s64
                0x10003fd8                divmod_s64s64
                0x10003fd8                __wrap___aeabi_ldivmod
                0x10004008                divmod_u64u64
                0x10004008                div_u64u64
                0x10004008                __wrap___aeabi_uldivmod
                0x10004018                divmod_u64u64_savestate
                0x10004038                divmod_s64s64_unsafe
                0x100040c0                divmod_u64u64_unsafe
 .text.__wrap___aeabi_darithmetic
                0x100043fc       0x80 CMakeFiles/testtask-uc.dir/C_/Program_Files/Raspberry_Pi/Pico_SDK_v1.5.1/pico-sdk/src/rp2_common/pico_double/double_aeabi.S.obj
                0x100043fc                __wrap___aeabi_drsub
                0x10004402                __wrap___aeabi_dsub
                0x10004414                __wrap___aeabi_dadd
                0x10004426                __wrap___aeabi_ddiv
                0x10004462                __wrap___aeabi_dmul
 .text.__wrap___aeabi_cdcmple
                0x1000447c       0x6c CMakeFiles/testtask-uc.dir/C_/Program_Files/Raspberry_Pi/Pico_SDK_v1.5.1/pico-sdk/src/rp2_common/pico_double/double_aeabi.S.obj
                0x1000447c                __wrap___aeabi_cdrcmple
                0x1000448c                __wrap___aeabi_cdcmpeq
                0x1000448c                __wrap___aeabi_cdcmple
 .text.__wrap___aeabi_dcmplt
                0x100044e8        0xc CMakeFiles/testtask-uc.dir/C_/Program_Files/Raspberry_Pi/Pico_SDK_v1.5.1/pico-sdk/src/rp2_common/pico_double/double_aeabi.S.obj
                0x100044e8                __wrap___aeabi_dcmplt
 .text.__wrap___aeabi_dcmple
                0x100044f4       0x10 CMakeFiles/testtask-uc.dir/C_/Program_Files/Raspberry_Pi/Pico_SDK_v1.5.1/pico-sdk/src/rp2_common/pico_double/double_aeabi.S.obj
                0x100044f4                __wrap___aeabi_dcmple
 .text.__wrap___aeabi_dcmpge
                0x10004504       0x10 CMakeFiles/testtask-uc.dir/C_/Program_Files/Raspberry_Pi/Pico_SDK_v1.5.1/pico-sdk/src/rp2_common/pico_double/double_aeabi.S.obj
                0x10004504                __wrap___aeabi_dcmpge
 .text.__wrap___aeabi_dcmpgt
                0x10004514        0xa CMakeFiles/testtask-uc.dir/C_/Program_Files/Raspberry_Pi/Pico_SDK_v1.5.1/pico-sdk/src/rp2_common/pico_double/double_aeabi.S.obj
                0x10004514                __wrap___aeabi_dcmpgt
 .text.__wrap___aeabi_dcmpun
                0x1000451e       0x1c CMakeFiles/testtask-uc.dir/C_/Program_Files/Raspberry_Pi/Pico_SDK_v1.5.1/pico-sdk/src/rp2_common/pico_double/double_aeabi.S.obj
                0x1000451e                __wrap___aeabi_dcmpun
 *fill*         0x1000453a        0x2 
 .text.__wrap___aeabi_i2d
                0x1000453c       0x38 CMakeFiles/testtask-uc.dir/C_/Program_Files/Raspberry_Pi/Pico_SDK_v1.5.1/pico-sdk/src/rp2_common/pico_double/double_aeabi.S.obj
                0x1000453c                __wrap___aeabi_ui2d
                0x10004544                __wrap___aeabi_i2d
 .text.__wrap___aeabi_d2iz
                0x10004574       0x48 CMakeFiles/testtask-uc.dir/C_/Program_Files/Raspberry_Pi/Pico_SDK_v1.5.1/pico-sdk/src/rp2_common/pico_double/double_aeabi.S.obj
                0x10004574                double2int_z
                0x10004574                __wrap___aeabi_d2iz
 .text.__wrap___aeabi_d2uiz
                0x100045bc       0x18 CMakeFiles/testtask-uc.dir/C_/Program_Files/Raspberry_Pi/Pico_SDK_v1.5.1/pico-sdk/src/rp2_common/pico_double/double_aeabi.S.obj
                0x100045bc                __wrap___aeabi_d2uiz
                0x100045bc                double2uint
 .text.__aeabi_double_init
                0x100045d4       0xc8 CMakeFiles/testtask-uc.dir/C_/Program_Files/Raspberry_Pi/Pico_SDK_v1.5.1/pico-sdk/src/rp2_common/pico_double/double_init_rom.c.obj
                0x100045d4                __aeabi_double_init
 .text.double_table_shim_on_use_helper
                0x1000469c       0x34 CMakeFiles/testtask-uc.dir/C_/Program_Files/Raspberry_Pi/Pico_SDK_v1.5.1/pico-sdk/src/rp2_common/pico_double/double_v1_rom_shim.S.obj
                0x1000469c                double_table_shim_on_use_helper
 .text.__wrap___aeabi_dsub
                0x100046d0       0x10 CMakeFiles/testtask-uc.dir/C_/Program_Files/Raspberry_Pi/Pico_SDK_v1.5.1/pico-sdk/src/rp2_common/pico_double/double_v1_rom_shim.S.obj
                0x100046d0                drsub_shim
                0x100046d6                dsub_shim
 .text.dadd_shim
                0x100046e0      0x15c CMakeFiles/testtask-uc.dir/C_/Program_Files/Raspberry_Pi/Pico_SDK_v1.5.1/pico-sdk/src/rp2_common/pico_double/double_v1_rom_shim.S.obj
                0x100046e0                dadd_shim
 .text.dmul_shim
                0x1000483c      0x15c CMakeFiles/testtask-uc.dir/C_/Program_Files/Raspberry_Pi/Pico_SDK_v1.5.1/pico-sdk/src/rp2_common/pico_double/double_v1_rom_shim.S.obj
                0x1000483c                dmul_shim
 .text.ddiv_shim
                0x10004998      0x1b0 CMakeFiles/testtask-uc.dir/C_/Program_Files/Raspberry_Pi/Pico_SDK_v1.5.1/pico-sdk/src/rp2_common/pico_double/double_v1_rom_shim.S.obj
                0x10004998                ddiv_shim
 .text.double2uint_shim
                0x10004b48        0xe CMakeFiles/testtask-uc.dir/C_/Program_Files/Raspberry_Pi/Pico_SDK_v1.5.1/pico-sdk/src/rp2_common/pico_double/double_v1_rom_shim.S.obj
                0x10004b48                double2uint_shim
                0x10004b4a                double2ufix_shim
 *fill*         0x10004b56        0x2 
 .text.double2uint64_shim
                0x10004b58       0x70 CMakeFiles/testtask-uc.dir/C_/Program_Files/Raspberry_Pi/Pico_SDK_v1.5.1/pico-sdk/src/rp2_common/pico_double/double_v1_rom_shim.S.obj
                0x10004b58                double2uint64_shim
                0x10004b5a                double2ufix64_shim
                0x10004b7a                d2fix_a
 .text.dunpacks
                0x10004bc8       0x3c CMakeFiles/testtask-uc.dir/C_/Program_Files/Raspberry_Pi/Pico_SDK_v1.5.1/pico-sdk/src/rp2_common/pico_double/double_v1_rom_shim.S.obj
                0x10004bc8                dunpacks
 .text.__aeabi_lmul
                0x10004c04       0x32 CMakeFiles/testtask-uc.dir/C_/Program_Files/Raspberry_Pi/Pico_SDK_v1.5.1/pico-sdk/src/rp2_common/pico_int64_ops/pico_int64_ops_aeabi.S.obj
                0x10004c04                __wrap___aeabi_lmul
 *fill*         0x10004c36        0x2 
 .text.__aeabi_float_init
                0x10004c38       0xfc CMakeFiles/testtask-uc.dir/C_/Program_Files/Raspberry_Pi/Pico_SDK_v1.5.1/pico-sdk/src/rp2_common/pico_float/float_init_rom.c.obj
                0x10004c38                __aeabi_float_init
 .text.float_table_shim_on_use_helper
                0x10004d34       0x34 CMakeFiles/testtask-uc.dir/C_/Program_Files/Raspberry_Pi/Pico_SDK_v1.5.1/pico-sdk/src/rp2_common/pico_float/float_v1_rom_shim.S.obj
                0x10004d34                float_table_shim_on_use_helper
 .text          0x10004d68       0x10 CMakeFiles/testtask-uc.dir/C_/Program_Files/Raspberry_Pi/Pico_SDK_v1.5.1/pico-sdk/src/rp2_common/pico_mem_ops/mem_ops_aeabi.S.obj
                0x10004d68                __aeabi_mem_init
 .text.memset   0x10004d78        0xc CMakeFiles/testtask-uc.dir/C_/Program_Files/Raspberry_Pi/Pico_SDK_v1.5.1/pico-sdk/src/rp2_common/pico_mem_ops/mem_ops_aeabi.S.obj
                0x10004d78                __wrap_memset
 .text.memcpy   0x10004d84        0xc CMakeFiles/testtask-uc.dir/C_/Program_Files/Raspberry_Pi/Pico_SDK_v1.5.1/pico-sdk/src/rp2_common/pico_mem_ops/mem_ops_aeabi.S.obj
                0x10004d84                __wrap_memcpy
                0x10004d84                __wrap___aeabi_memcpy
 .text.stdio_out_chars_no_crlf
                0x10004d90        0xe CMakeFiles/testtask-uc.dir/C_/Program_Files/Raspberry_Pi/Pico_SDK_v1.5.1/pico-sdk/src/rp2_common/pico_stdio/stdio.c.obj
 *fill*         0x10004d9e        0x2 
 .text.stdio_out_chars_crlf
                0x10004da0       0x80 CMakeFiles/testtask-uc.dir/C_/Program_Files/Raspberry_Pi/Pico_SDK_v1.5.1/pico-sdk/src/rp2_common/pico_stdio/stdio.c.obj
 .text.stdio_stack_buffer_flush
                0x10004e20       0x44 CMakeFiles/testtask-uc.dir/C_/Program_Files/Raspberry_Pi/Pico_SDK_v1.5.1/pico-sdk/src/rp2_common/pico_stdio/stdio.c.obj
 .text.stdio_buffered_printer
                0x10004e64       0x20 CMakeFiles/testtask-uc.dir/C_/Program_Files/Raspberry_Pi/Pico_SDK_v1.5.1/pico-sdk/src/rp2_common/pico_stdio/stdio.c.obj
 .text.stdout_serialize_begin
                0x10004e84       0x5c CMakeFiles/testtask-uc.dir/C_/Program_Files/Raspberry_Pi/Pico_SDK_v1.5.1/pico-sdk/src/rp2_common/pico_stdio/stdio.c.obj
                0x10004e84                stdout_serialize_begin
 .text.stdout_serialize_end
                0x10004ee0       0x10 CMakeFiles/testtask-uc.dir/C_/Program_Files/Raspberry_Pi/Pico_SDK_v1.5.1/pico-sdk/src/rp2_common/pico_stdio/stdio.c.obj
                0x10004ee0                stdout_serialize_end
 .text.stdio_put_string
                0x10004ef0       0x98 CMakeFiles/testtask-uc.dir/C_/Program_Files/Raspberry_Pi/Pico_SDK_v1.5.1/pico-sdk/src/rp2_common/pico_stdio/stdio.c.obj
 .text.stdio_set_driver_enabled
                0x10004f88       0x2c CMakeFiles/testtask-uc.dir/C_/Program_Files/Raspberry_Pi/Pico_SDK_v1.5.1/pico-sdk/src/rp2_common/pico_stdio/stdio.c.obj
                0x10004f88                stdio_set_driver_enabled
 .text.stdio_flush
                0x10004fb4       0x20 CMakeFiles/testtask-uc.dir/C_/Program_Files/Raspberry_Pi/Pico_SDK_v1.5.1/pico-sdk/src/rp2_common/pico_stdio/stdio.c.obj
                0x10004fb4                stdio_flush
 .text.__wrap_puts
                0x10004fd4       0x1e CMakeFiles/testtask-uc.dir/C_/Program_Files/Raspberry_Pi/Pico_SDK_v1.5.1/pico-sdk/src/rp2_common/pico_stdio/stdio.c.obj
                0x10004fd4                __wrap_puts
 *fill*         0x10004ff2        0x2 
 .text.__wrap_vprintf
                0x10004ff4       0x40 CMakeFiles/testtask-uc.dir/C_/Program_Files/Raspberry_Pi/Pico_SDK_v1.5.1/pico-sdk/src/rp2_common/pico_stdio/stdio.c.obj
                0x10004ff4                __wrap_vprintf
 .text.__wrap_printf
                0x10005034       0x18 CMakeFiles/testtask-uc.dir/C_/Program_Files/Raspberry_Pi/Pico_SDK_v1.5.1/pico-sdk/src/rp2_common/pico_stdio/stdio.c.obj
                0x10005034                __wrap_printf
 .text.stdio_init_all
                0x1000504c        0x8 CMakeFiles/testtask-uc.dir/C_/Program_Files/Raspberry_Pi/Pico_SDK_v1.5.1/pico-sdk/src/rp2_common/pico_stdio/stdio.c.obj
                0x1000504c                stdio_init_all
 .text.resetd_init
                0x10005054        0x2 CMakeFiles/testtask-uc.dir/C_/Program_Files/Raspberry_Pi/Pico_SDK_v1.5.1/pico-sdk/src/rp2_common/pico_stdio_usb/reset_interface.c.obj
 *fill*         0x10005056        0x2 
 .text.resetd_reset
                0x10005058        0xc CMakeFiles/testtask-uc.dir/C_/Program_Files/Raspberry_Pi/Pico_SDK_v1.5.1/pico-sdk/src/rp2_common/pico_stdio_usb/reset_interface.c.obj
 .text.resetd_open
                0x10005064       0x34 CMakeFiles/testtask-uc.dir/C_/Program_Files/Raspberry_Pi/Pico_SDK_v1.5.1/pico-sdk/src/rp2_common/pico_stdio_usb/reset_interface.c.obj
 .text.resetd_xfer_cb
                0x10005098        0x4 CMakeFiles/testtask-uc.dir/C_/Program_Files/Raspberry_Pi/Pico_SDK_v1.5.1/pico-sdk/src/rp2_common/pico_stdio_usb/reset_interface.c.obj
 .text.reset_usb_boot
                0x1000509c       0x18 CMakeFiles/testtask-uc.dir/C_/Program_Files/Raspberry_Pi/Pico_SDK_v1.5.1/pico-sdk/src/rp2_common/pico_stdio_usb/reset_interface.c.obj
 .text.resetd_control_xfer_cb
                0x100050b4       0x5c CMakeFiles/testtask-uc.dir/C_/Program_Files/Raspberry_Pi/Pico_SDK_v1.5.1/pico-sdk/src/rp2_common/pico_stdio_usb/reset_interface.c.obj
 .text.usbd_app_driver_get_cb
                0x10005110        0xc CMakeFiles/testtask-uc.dir/C_/Program_Files/Raspberry_Pi/Pico_SDK_v1.5.1/pico-sdk/src/rp2_common/pico_stdio_usb/reset_interface.c.obj
                0x10005110                usbd_app_driver_get_cb
 .text.tud_cdc_line_coding_cb
                0x1000511c       0x28 CMakeFiles/testtask-uc.dir/C_/Program_Files/Raspberry_Pi/Pico_SDK_v1.5.1/pico-sdk/src/rp2_common/pico_stdio_usb/reset_interface.c.obj
                0x1000511c                tud_cdc_line_coding_cb
 .text.stdio_usb_set_chars_available_callback
                0x10005144       0x14 CMakeFiles/testtask-uc.dir/C_/Program_Files/Raspberry_Pi/Pico_SDK_v1.5.1/pico-sdk/src/rp2_common/pico_stdio_usb/stdio_usb.c.obj
                0x10005144                stdio_usb_set_chars_available_callback
 .text.usb_irq  0x10005158       0x10 CMakeFiles/testtask-uc.dir/C_/Program_Files/Raspberry_Pi/Pico_SDK_v1.5.1/pico-sdk/src/rp2_common/pico_stdio_usb/stdio_usb.c.obj
 .text.timer_task
                0x10005168       0x5c CMakeFiles/testtask-uc.dir/C_/Program_Files/Raspberry_Pi/Pico_SDK_v1.5.1/pico-sdk/src/rp2_common/pico_stdio_usb/stdio_usb.c.obj
 .text.low_priority_worker_irq
                0x100051c4       0xdc CMakeFiles/testtask-uc.dir/C_/Program_Files/Raspberry_Pi/Pico_SDK_v1.5.1/pico-sdk/src/rp2_common/pico_stdio_usb/stdio_usb.c.obj
 .text.tud_cdc_rx_cb
                0x100052a0       0x20 CMakeFiles/testtask-uc.dir/C_/Program_Files/Raspberry_Pi/Pico_SDK_v1.5.1/pico-sdk/src/rp2_common/pico_stdio_usb/stdio_usb.c.obj
                0x100052a0                tud_cdc_rx_cb
 .text.stdio_usb_init
                0x100052c0      0x11c CMakeFiles/testtask-uc.dir/C_/Program_Files/Raspberry_Pi/Pico_SDK_v1.5.1/pico-sdk/src/rp2_common/pico_stdio_usb/stdio_usb.c.obj
                0x100052c0                stdio_usb_init
 .text.stdio_usb_connected
                0x100053dc        0xa CMakeFiles/testtask-uc.dir/C_/Program_Files/Raspberry_Pi/Pico_SDK_v1.5.1/pico-sdk/src/rp2_common/pico_stdio_usb/stdio_usb.c.obj
                0x100053dc                stdio_usb_connected
 *fill*         0x100053e6        0x2 
 .text.stdio_usb_in_chars
                0x100053e8       0xc4 CMakeFiles/testtask-uc.dir/C_/Program_Files/Raspberry_Pi/Pico_SDK_v1.5.1/pico-sdk/src/rp2_common/pico_stdio_usb/stdio_usb.c.obj
                0x100053e8                stdio_usb_in_chars
 .text.stdio_usb_out_chars
                0x100054ac      0x114 CMakeFiles/testtask-uc.dir/C_/Program_Files/Raspberry_Pi/Pico_SDK_v1.5.1/pico-sdk/src/rp2_common/pico_stdio_usb/stdio_usb.c.obj
 .text.tud_descriptor_device_cb
                0x100055c0        0x8 CMakeFiles/testtask-uc.dir/C_/Program_Files/Raspberry_Pi/Pico_SDK_v1.5.1/pico-sdk/src/rp2_common/pico_stdio_usb/stdio_usb_descriptors.c.obj
                0x100055c0                tud_descriptor_device_cb
 .text.tud_descriptor_configuration_cb
                0x100055c8        0x8 CMakeFiles/testtask-uc.dir/C_/Program_Files/Raspberry_Pi/Pico_SDK_v1.5.1/pico-sdk/src/rp2_common/pico_stdio_usb/stdio_usb_descriptors.c.obj
                0x100055c8                tud_descriptor_configuration_cb
 .text.tud_descriptor_string_cb
                0x100055d0       0x6c CMakeFiles/testtask-uc.dir/C_/Program_Files/Raspberry_Pi/Pico_SDK_v1.5.1/pico-sdk/src/rp2_common/pico_stdio_usb/stdio_usb_descriptors.c.obj
                0x100055d0                tud_descriptor_string_cb
 .text._retrieve_unique_id_on_boot
                0x1000563c       0x10 CMakeFiles/testtask-uc.dir/C_/Program_Files/Raspberry_Pi/Pico_SDK_v1.5.1/pico-sdk/src/rp2_common/pico_unique_id/unique_id.c.obj
 .text.pico_get_unique_board_id_string
                0x1000564c       0x60 CMakeFiles/testtask-uc.dir/C_/Program_Files/Raspberry_Pi/Pico_SDK_v1.5.1/pico-sdk/src/rp2_common/pico_unique_id/unique_id.c.obj
                0x1000564c                pico_get_unique_board_id_string
 .text.flash_get_unique_id
                0x100056ac       0x46 CMakeFiles/testtask-uc.dir/C_/Program_Files/Raspberry_Pi/Pico_SDK_v1.5.1/pico-sdk/src/rp2_common/hardware_flash/flash.c.obj
                0x100056ac                flash_get_unique_id
 *fill*         0x100056f2        0x2 
 .text.hw_endpoint_get_by_addr
                0x100056f4       0x18 CMakeFiles/testtask-uc.dir/C_/Program_Files/Raspberry_Pi/Pico_SDK_v1.5.1/pico-sdk/lib/tinyusb/src/portable/raspberrypi/rp2040/dcd_rp2040.c.obj
 .text._hw_endpoint_alloc
                0x1000570c       0x70 CMakeFiles/testtask-uc.dir/C_/Program_Files/Raspberry_Pi/Pico_SDK_v1.5.1/pico-sdk/lib/tinyusb/src/portable/raspberrypi/rp2040/dcd_rp2040.c.obj
 .text.hw_endpoint_init
                0x1000577c       0x88 CMakeFiles/testtask-uc.dir/C_/Program_Files/Raspberry_Pi/Pico_SDK_v1.5.1/pico-sdk/lib/tinyusb/src/portable/raspberrypi/rp2040/dcd_rp2040.c.obj
 .text.hw_endpoint_xfer
                0x10005804       0x14 CMakeFiles/testtask-uc.dir/C_/Program_Files/Raspberry_Pi/Pico_SDK_v1.5.1/pico-sdk/lib/tinyusb/src/portable/raspberrypi/rp2040/dcd_rp2040.c.obj
 .text.dcd_int_enable
                0x10005818       0x2c CMakeFiles/testtask-uc.dir/C_/Program_Files/Raspberry_Pi/Pico_SDK_v1.5.1/pico-sdk/lib/tinyusb/src/portable/raspberrypi/rp2040/dcd_rp2040.c.obj
                0x10005818                dcd_int_enable
 .text.dcd_set_address
                0x10005844       0x2c CMakeFiles/testtask-uc.dir/C_/Program_Files/Raspberry_Pi/Pico_SDK_v1.5.1/pico-sdk/lib/tinyusb/src/portable/raspberrypi/rp2040/dcd_rp2040.c.obj
                0x10005844                dcd_set_address
 .text.dcd_connect
                0x10005870       0x10 CMakeFiles/testtask-uc.dir/C_/Program_Files/Raspberry_Pi/Pico_SDK_v1.5.1/pico-sdk/lib/tinyusb/src/portable/raspberrypi/rp2040/dcd_rp2040.c.obj
                0x10005870                dcd_connect
 .text.dcd_init
                0x10005880       0x80 CMakeFiles/testtask-uc.dir/C_/Program_Files/Raspberry_Pi/Pico_SDK_v1.5.1/pico-sdk/lib/tinyusb/src/portable/raspberrypi/rp2040/dcd_rp2040.c.obj
                0x10005880                dcd_init
 .text.dcd_edpt0_status_complete
                0x10005900       0x1c CMakeFiles/testtask-uc.dir/C_/Program_Files/Raspberry_Pi/Pico_SDK_v1.5.1/pico-sdk/lib/tinyusb/src/portable/raspberrypi/rp2040/dcd_rp2040.c.obj
                0x10005900                dcd_edpt0_status_complete
 .text.dcd_edpt_open
                0x1000591c       0x40 CMakeFiles/testtask-uc.dir/C_/Program_Files/Raspberry_Pi/Pico_SDK_v1.5.1/pico-sdk/lib/tinyusb/src/portable/raspberrypi/rp2040/dcd_rp2040.c.obj
                0x1000591c                dcd_edpt_open
 .text.dcd_edpt_close_all
                0x1000595c        0x8 CMakeFiles/testtask-uc.dir/C_/Program_Files/Raspberry_Pi/Pico_SDK_v1.5.1/pico-sdk/lib/tinyusb/src/portable/raspberrypi/rp2040/dcd_rp2040.c.obj
                0x1000595c                dcd_edpt_close_all
 .text.dcd_edpt_xfer
                0x10005964       0x34 CMakeFiles/testtask-uc.dir/C_/Program_Files/Raspberry_Pi/Pico_SDK_v1.5.1/pico-sdk/lib/tinyusb/src/portable/raspberrypi/rp2040/dcd_rp2040.c.obj
                0x10005964                dcd_edpt_xfer
 .text.dcd_edpt_stall
                0x10005998       0x2c CMakeFiles/testtask-uc.dir/C_/Program_Files/Raspberry_Pi/Pico_SDK_v1.5.1/pico-sdk/lib/tinyusb/src/portable/raspberrypi/rp2040/dcd_rp2040.c.obj
                0x10005998                dcd_edpt_stall
 .text.dcd_edpt_clear_stall
                0x100059c4       0x20 CMakeFiles/testtask-uc.dir/C_/Program_Files/Raspberry_Pi/Pico_SDK_v1.5.1/pico-sdk/lib/tinyusb/src/portable/raspberrypi/rp2040/dcd_rp2040.c.obj
                0x100059c4                dcd_edpt_clear_stall
 .text.rp2040_usb_init
                0x100059e4       0x4c CMakeFiles/testtask-uc.dir/C_/Program_Files/Raspberry_Pi/Pico_SDK_v1.5.1/pico-sdk/lib/tinyusb/src/portable/raspberrypi/rp2040/rp2040_usb.c.obj
                0x100059e4                rp2040_usb_init
 .text.hw_endpoint_xfer_start
                0x10005a30       0x50 CMakeFiles/testtask-uc.dir/C_/Program_Files/Raspberry_Pi/Pico_SDK_v1.5.1/pico-sdk/lib/tinyusb/src/portable/raspberrypi/rp2040/rp2040_usb.c.obj
                0x10005a30                hw_endpoint_xfer_start
 .text.configuration_reset
                0x10005a80       0x84 CMakeFiles/testtask-uc.dir/C_/Program_Files/Raspberry_Pi/Pico_SDK_v1.5.1/pico-sdk/lib/tinyusb/src/device/usbd.c.obj
 .text.usbd_reset
                0x10005b04        0xc CMakeFiles/testtask-uc.dir/C_/Program_Files/Raspberry_Pi/Pico_SDK_v1.5.1/pico-sdk/lib/tinyusb/src/device/usbd.c.obj
 .text.invoke_class_control
                0x10005b10       0x1a CMakeFiles/testtask-uc.dir/C_/Program_Files/Raspberry_Pi/Pico_SDK_v1.5.1/pico-sdk/lib/tinyusb/src/device/usbd.c.obj
 *fill*         0x10005b2a        0x2 
 .text.process_set_config
                0x10005b2c      0x178 CMakeFiles/testtask-uc.dir/C_/Program_Files/Raspberry_Pi/Pico_SDK_v1.5.1/pico-sdk/lib/tinyusb/src/device/usbd.c.obj
 .text.process_get_descriptor
                0x10005ca4       0xdc CMakeFiles/testtask-uc.dir/C_/Program_Files/Raspberry_Pi/Pico_SDK_v1.5.1/pico-sdk/lib/tinyusb/src/device/usbd.c.obj
 .text.tud_mounted
                0x10005d80       0x10 CMakeFiles/testtask-uc.dir/C_/Program_Files/Raspberry_Pi/Pico_SDK_v1.5.1/pico-sdk/lib/tinyusb/src/device/usbd.c.obj
                0x10005d80                tud_mounted
 .text.tud_suspended
                0x10005d90       0x10 CMakeFiles/testtask-uc.dir/C_/Program_Files/Raspberry_Pi/Pico_SDK_v1.5.1/pico-sdk/lib/tinyusb/src/device/usbd.c.obj
                0x10005d90                tud_suspended
 .text.tud_inited
                0x10005da0       0x14 CMakeFiles/testtask-uc.dir/C_/Program_Files/Raspberry_Pi/Pico_SDK_v1.5.1/pico-sdk/lib/tinyusb/src/device/usbd.c.obj
                0x10005da0                tud_inited
 .text.tud_init
                0x10005db4       0xcc CMakeFiles/testtask-uc.dir/C_/Program_Files/Raspberry_Pi/Pico_SDK_v1.5.1/pico-sdk/lib/tinyusb/src/device/usbd.c.obj
                0x10005db4                tud_init
 .text.usbd_defer_func
                0x10005e80       0x2a CMakeFiles/testtask-uc.dir/C_/Program_Files/Raspberry_Pi/Pico_SDK_v1.5.1/pico-sdk/lib/tinyusb/src/device/usbd.c.obj
                0x10005e80                usbd_defer_func
 *fill*         0x10005eaa        0x2 
 .text.usbd_edpt_open
                0x10005eac       0x34 CMakeFiles/testtask-uc.dir/C_/Program_Files/Raspberry_Pi/Pico_SDK_v1.5.1/pico-sdk/lib/tinyusb/src/device/usbd.c.obj
                0x10005eac                usbd_edpt_open
 .text.usbd_open_edpt_pair
                0x10005ee0       0x62 CMakeFiles/testtask-uc.dir/C_/Program_Files/Raspberry_Pi/Pico_SDK_v1.5.1/pico-sdk/lib/tinyusb/src/device/usbd.c.obj
                0x10005ee0                usbd_open_edpt_pair
 *fill*         0x10005f42        0x2 
 .text.usbd_edpt_claim
                0x10005f44       0x28 CMakeFiles/testtask-uc.dir/C_/Program_Files/Raspberry_Pi/Pico_SDK_v1.5.1/pico-sdk/lib/tinyusb/src/device/usbd.c.obj
                0x10005f44                usbd_edpt_claim
 .text.usbd_edpt_release
                0x10005f6c       0x28 CMakeFiles/testtask-uc.dir/C_/Program_Files/Raspberry_Pi/Pico_SDK_v1.5.1/pico-sdk/lib/tinyusb/src/device/usbd.c.obj
                0x10005f6c                usbd_edpt_release
 .text.usbd_edpt_xfer
                0x10005f94       0x78 CMakeFiles/testtask-uc.dir/C_/Program_Files/Raspberry_Pi/Pico_SDK_v1.5.1/pico-sdk/lib/tinyusb/src/device/usbd.c.obj
                0x10005f94                usbd_edpt_xfer
 .text.usbd_edpt_stall
                0x1000600c       0x48 CMakeFiles/testtask-uc.dir/C_/Program_Files/Raspberry_Pi/Pico_SDK_v1.5.1/pico-sdk/lib/tinyusb/src/device/usbd.c.obj
                0x1000600c                usbd_edpt_stall
 .text.usbd_edpt_clear_stall
                0x10006054       0x48 CMakeFiles/testtask-uc.dir/C_/Program_Files/Raspberry_Pi/Pico_SDK_v1.5.1/pico-sdk/lib/tinyusb/src/device/usbd.c.obj
                0x10006054                usbd_edpt_clear_stall
 .text.usbd_edpt_stalled
                0x1000609c       0x1c CMakeFiles/testtask-uc.dir/C_/Program_Files/Raspberry_Pi/Pico_SDK_v1.5.1/pico-sdk/lib/tinyusb/src/device/usbd.c.obj
                0x1000609c                usbd_edpt_stalled
 .text.process_control_request
                0x100060b8      0x37c CMakeFiles/testtask-uc.dir/C_/Program_Files/Raspberry_Pi/Pico_SDK_v1.5.1/pico-sdk/lib/tinyusb/src/device/usbd.c.obj
 .text.tud_task_ext
                0x10006434      0x1b8 CMakeFiles/testtask-uc.dir/C_/Program_Files/Raspberry_Pi/Pico_SDK_v1.5.1/pico-sdk/lib/tinyusb/src/device/usbd.c.obj
                0x10006434                tud_task_ext
 .text._data_stage_xact
                0x100065ec       0x58 CMakeFiles/testtask-uc.dir/C_/Program_Files/Raspberry_Pi/Pico_SDK_v1.5.1/pico-sdk/lib/tinyusb/src/device/usbd_control.c.obj
 .text.tud_control_status
                0x10006644       0x38 CMakeFiles/testtask-uc.dir/C_/Program_Files/Raspberry_Pi/Pico_SDK_v1.5.1/pico-sdk/lib/tinyusb/src/device/usbd_control.c.obj
                0x10006644                tud_control_status
 .text.tud_control_xfer
                0x1000667c       0x74 CMakeFiles/testtask-uc.dir/C_/Program_Files/Raspberry_Pi/Pico_SDK_v1.5.1/pico-sdk/lib/tinyusb/src/device/usbd_control.c.obj
                0x1000667c                tud_control_xfer
 .text.usbd_control_reset
                0x100066f0       0x14 CMakeFiles/testtask-uc.dir/C_/Program_Files/Raspberry_Pi/Pico_SDK_v1.5.1/pico-sdk/lib/tinyusb/src/device/usbd_control.c.obj
                0x100066f0                usbd_control_reset
 .text.usbd_control_set_complete_callback
                0x10006704        0xc CMakeFiles/testtask-uc.dir/C_/Program_Files/Raspberry_Pi/Pico_SDK_v1.5.1/pico-sdk/lib/tinyusb/src/device/usbd_control.c.obj
                0x10006704                usbd_control_set_complete_callback
 .text.usbd_control_set_request
                0x10006710       0x1c CMakeFiles/testtask-uc.dir/C_/Program_Files/Raspberry_Pi/Pico_SDK_v1.5.1/pico-sdk/lib/tinyusb/src/device/usbd_control.c.obj
                0x10006710                usbd_control_set_request
 .text.usbd_control_xfer_cb
                0x1000672c       0xcc CMakeFiles/testtask-uc.dir/C_/Program_Files/Raspberry_Pi/Pico_SDK_v1.5.1/pico-sdk/lib/tinyusb/src/device/usbd_control.c.obj
                0x1000672c                usbd_control_xfer_cb
 .text._prep_out_transaction
                0x100067f8       0x4a CMakeFiles/testtask-uc.dir/C_/Program_Files/Raspberry_Pi/Pico_SDK_v1.5.1/pico-sdk/lib/tinyusb/src/class/cdc/cdc_device.c.obj
 *fill*         0x10006842        0x2 
 .text.tud_cdc_n_connected
                0x10006844       0x44 CMakeFiles/testtask-uc.dir/C_/Program_Files/Raspberry_Pi/Pico_SDK_v1.5.1/pico-sdk/lib/tinyusb/src/class/cdc/cdc_device.c.obj
                0x10006844                tud_cdc_n_connected
 .text.tud_cdc_n_available
                0x10006888       0x18 CMakeFiles/testtask-uc.dir/C_/Program_Files/Raspberry_Pi/Pico_SDK_v1.5.1/pico-sdk/lib/tinyusb/src/class/cdc/cdc_device.c.obj
                0x10006888                tud_cdc_n_available
 .text.tud_cdc_n_read
                0x100068a0       0x28 CMakeFiles/testtask-uc.dir/C_/Program_Files/Raspberry_Pi/Pico_SDK_v1.5.1/pico-sdk/lib/tinyusb/src/class/cdc/cdc_device.c.obj
                0x100068a0                tud_cdc_n_read
 .text.tud_cdc_n_write_flush
                0x100068c8       0xb8 CMakeFiles/testtask-uc.dir/C_/Program_Files/Raspberry_Pi/Pico_SDK_v1.5.1/pico-sdk/lib/tinyusb/src/class/cdc/cdc_device.c.obj
                0x100068c8                tud_cdc_n_write_flush
 .text.tud_cdc_n_write
                0x10006980       0x38 CMakeFiles/testtask-uc.dir/C_/Program_Files/Raspberry_Pi/Pico_SDK_v1.5.1/pico-sdk/lib/tinyusb/src/class/cdc/cdc_device.c.obj
                0x10006980                tud_cdc_n_write
 .text.tud_cdc_n_write_available
                0x100069b8       0x1c CMakeFiles/testtask-uc.dir/C_/Program_Files/Raspberry_Pi/Pico_SDK_v1.5.1/pico-sdk/lib/tinyusb/src/class/cdc/cdc_device.c.obj
                0x100069b8                tud_cdc_n_write_available
 .text.cdcd_init
                0x100069d4       0xbc CMakeFiles/testtask-uc.dir/C_/Program_Files/Raspberry_Pi/Pico_SDK_v1.5.1/pico-sdk/lib/tinyusb/src/class/cdc/cdc_device.c.obj
                0x100069d4                cdcd_init
 .text.cdcd_reset
                0x10006a90       0x44 CMakeFiles/testtask-uc.dir/C_/Program_Files/Raspberry_Pi/Pico_SDK_v1.5.1/pico-sdk/lib/tinyusb/src/class/cdc/cdc_device.c.obj
                0x10006a90                cdcd_reset
 .text.cdcd_open
                0x10006ad4       0xcc CMakeFiles/testtask-uc.dir/C_/Program_Files/Raspberry_Pi/Pico_SDK_v1.5.1/pico-sdk/lib/tinyusb/src/class/cdc/cdc_device.c.obj
                0x10006ad4                cdcd_open
 .text.cdcd_control_xfer_cb
                0x10006ba0      0x134 CMakeFiles/testtask-uc.dir/C_/Program_Files/Raspberry_Pi/Pico_SDK_v1.5.1/pico-sdk/lib/tinyusb/src/class/cdc/cdc_device.c.obj
                0x10006ba0                cdcd_control_xfer_cb
 .text.cdcd_xfer_cb
                0x10006cd4      0x130 CMakeFiles/testtask-uc.dir/C_/Program_Files/Raspberry_Pi/Pico_SDK_v1.5.1/pico-sdk/lib/tinyusb/src/class/cdc/cdc_device.c.obj
                0x10006cd4                cdcd_xfer_cb
 .text.tusb_init
                0x10006e04        0xa CMakeFiles/testtask-uc.dir/C_/Program_Files/Raspberry_Pi/Pico_SDK_v1.5.1/pico-sdk/lib/tinyusb/src/tusb.c.obj
                0x10006e04                tusb_init
 .text.tusb_inited
                0x10006e0e        0xe CMakeFiles/testtask-uc.dir/C_/Program_Files/Raspberry_Pi/Pico_SDK_v1.5.1/pico-sdk/lib/tinyusb/src/tusb.c.obj
                0x10006e0e                tusb_inited
 .text.tu_edpt_claim
                0x10006e1c       0x50 CMakeFiles/testtask-uc.dir/C_/Program_Files/Raspberry_Pi/Pico_SDK_v1.5.1/pico-sdk/lib/tinyusb/src/tusb.c.obj
                0x10006e1c                tu_edpt_claim
 .text.tu_edpt_release
                0x10006e6c       0x3c CMakeFiles/testtask-uc.dir/C_/Program_Files/Raspberry_Pi/Pico_SDK_v1.5.1/pico-sdk/lib/tinyusb/src/tusb.c.obj
                0x10006e6c                tu_edpt_release
 .text.tu_edpt_validate
                0x10006ea8       0x78 CMakeFiles/testtask-uc.dir/C_/Program_Files/Raspberry_Pi/Pico_SDK_v1.5.1/pico-sdk/lib/tinyusb/src/tusb.c.obj
                0x10006ea8                tu_edpt_validate
 .text.tu_edpt_bind_driver
                0x10006f20       0x26 CMakeFiles/testtask-uc.dir/C_/Program_Files/Raspberry_Pi/Pico_SDK_v1.5.1/pico-sdk/lib/tinyusb/src/tusb.c.obj
                0x10006f20                tu_edpt_bind_driver
 .text.advance_index
                0x10006f46       0x1a CMakeFiles/testtask-uc.dir/C_/Program_Files/Raspberry_Pi/Pico_SDK_v1.5.1/pico-sdk/lib/tinyusb/src/common/tusb_fifo.c.obj
 .text._tu_fifo_peek
                0x10006f60       0x56 CMakeFiles/testtask-uc.dir/C_/Program_Files/Raspberry_Pi/Pico_SDK_v1.5.1/pico-sdk/lib/tinyusb/src/common/tusb_fifo.c.obj
 .text._ff_pull_const_addr
                0x10006fb6       0x4c CMakeFiles/testtask-uc.dir/C_/Program_Files/Raspberry_Pi/Pico_SDK_v1.5.1/pico-sdk/lib/tinyusb/src/common/tusb_fifo.c.obj
 .text._ff_pull_n
                0x10007002      0x110 CMakeFiles/testtask-uc.dir/C_/Program_Files/Raspberry_Pi/Pico_SDK_v1.5.1/pico-sdk/lib/tinyusb/src/common/tusb_fifo.c.obj
 .text._tu_fifo_peek_n
                0x10007112       0x6a CMakeFiles/testtask-uc.dir/C_/Program_Files/Raspberry_Pi/Pico_SDK_v1.5.1/pico-sdk/lib/tinyusb/src/common/tusb_fifo.c.obj
 .text._tu_fifo_read_n
                0x1000717c       0x4e CMakeFiles/testtask-uc.dir/C_/Program_Files/Raspberry_Pi/Pico_SDK_v1.5.1/pico-sdk/lib/tinyusb/src/common/tusb_fifo.c.obj
 .text._ff_push_const_addr
                0x100071ca       0x40 CMakeFiles/testtask-uc.dir/C_/Program_Files/Raspberry_Pi/Pico_SDK_v1.5.1/pico-sdk/lib/tinyusb/src/common/tusb_fifo.c.obj
 .text._ff_push_n
                0x1000720a      0x10c CMakeFiles/testtask-uc.dir/C_/Program_Files/Raspberry_Pi/Pico_SDK_v1.5.1/pico-sdk/lib/tinyusb/src/common/tusb_fifo.c.obj
 .text._tu_fifo_write_n
                0x10007316       0xf0 CMakeFiles/testtask-uc.dir/C_/Program_Files/Raspberry_Pi/Pico_SDK_v1.5.1/pico-sdk/lib/tinyusb/src/common/tusb_fifo.c.obj
 .text.tu_fifo_config
                0x10007406       0x7c CMakeFiles/testtask-uc.dir/C_/Program_Files/Raspberry_Pi/Pico_SDK_v1.5.1/pico-sdk/lib/tinyusb/src/common/tusb_fifo.c.obj
                0x10007406                tu_fifo_config
 .text.tu_fifo_count
                0x10007482       0x2a CMakeFiles/testtask-uc.dir/C_/Program_Files/Raspberry_Pi/Pico_SDK_v1.5.1/pico-sdk/lib/tinyusb/src/common/tusb_fifo.c.obj
                0x10007482                tu_fifo_count
 .text.tu_fifo_empty
                0x100074ac       0x10 CMakeFiles/testtask-uc.dir/C_/Program_Files/Raspberry_Pi/Pico_SDK_v1.5.1/pico-sdk/lib/tinyusb/src/common/tusb_fifo.c.obj
                0x100074ac                tu_fifo_empty
 .text.tu_fifo_full
                0x100074bc       0x28 CMakeFiles/testtask-uc.dir/C_/Program_Files/Raspberry_Pi/Pico_SDK_v1.5.1/pico-sdk/lib/tinyusb/src/common/tusb_fifo.c.obj
                0x100074bc                tu_fifo_full
 .text.tu_fifo_remaining
                0x100074e4       0x2c CMakeFiles/testtask-uc.dir/C_/Program_Files/Raspberry_Pi/Pico_SDK_v1.5.1/pico-sdk/lib/tinyusb/src/common/tusb_fifo.c.obj
                0x100074e4                tu_fifo_remaining
 .text.tu_fifo_read
                0x10007510       0x42 CMakeFiles/testtask-uc.dir/C_/Program_Files/Raspberry_Pi/Pico_SDK_v1.5.1/pico-sdk/lib/tinyusb/src/common/tusb_fifo.c.obj
                0x10007510                tu_fifo_read
 .text.tu_fifo_read_n
                0x10007552        0xa CMakeFiles/testtask-uc.dir/C_/Program_Files/Raspberry_Pi/Pico_SDK_v1.5.1/pico-sdk/lib/tinyusb/src/common/tusb_fifo.c.obj
                0x10007552                tu_fifo_read_n
 .text.tu_fifo_write
                0x1000755c       0x64 CMakeFiles/testtask-uc.dir/C_/Program_Files/Raspberry_Pi/Pico_SDK_v1.5.1/pico-sdk/lib/tinyusb/src/common/tusb_fifo.c.obj
                0x1000755c                tu_fifo_write
 .text.tu_fifo_write_n
                0x100075c0        0xa CMakeFiles/testtask-uc.dir/C_/Program_Files/Raspberry_Pi/Pico_SDK_v1.5.1/pico-sdk/lib/tinyusb/src/common/tusb_fifo.c.obj
                0x100075c0                tu_fifo_write_n
 .text.tu_fifo_clear
                0x100075ca       0x3e CMakeFiles/testtask-uc.dir/C_/Program_Files/Raspberry_Pi/Pico_SDK_v1.5.1/pico-sdk/lib/tinyusb/src/common/tusb_fifo.c.obj
                0x100075ca                tu_fifo_clear
 .text.tu_fifo_set_overwritable
                0x10007608       0x46 CMakeFiles/testtask-uc.dir/C_/Program_Files/Raspberry_Pi/Pico_SDK_v1.5.1/pico-sdk/lib/tinyusb/src/common/tusb_fifo.c.obj
                0x10007608                tu_fifo_set_overwritable
 *fill*         0x1000764e        0x2 
 .text.strlen   0x10007650       0x5c c:/progra~2/gnuarm~1/102021~1.10/bin/../lib/gcc/arm-none-eabi/10.3.1/../../../../arm-none-eabi/lib/thumb/v6-m/nofp\libg.a(lib_a-strlen-stub.o)
                0x10007650                strlen
 *(.fini)
 .fini          0x100076ac        0x4 c:/progra~2/gnuarm~1/102021~1.10/bin/../lib/gcc/arm-none-eabi/10.3.1/thumb/v6-m/nofp/crti.o
                0x100076ac                _fini
 .fini.__stub   0x100076b0       0xe0 linker stubs
 *crtbegin.o(.ctors)
 *crtbegin?.o(.ctors)
 *(EXCLUDE_FILE(*crtend.o *crtend?.o) .ctors)
 *(SORT_BY_NAME(.ctors.*))
 *(.ctors)
 *crtbegin.o(.dtors)
 *crtbegin?.o(.dtors)
 *(EXCLUDE_FILE(*crtend.o *crtend?.o) .dtors)
 *(SORT_BY_NAME(.dtors.*))
 *(.dtors)
 *(.eh_frame*)
 .eh_frame      0x10007790        0x0 c:/progra~2/gnuarm~1/102021~1.10/bin/../lib/gcc/arm-none-eabi/10.3.1/thumb/v6-m/nofp/crtbegin.o
                0x10007790                . = ALIGN (0x4)

.glue_7         0x10007790        0x0
 .glue_7        0x10007790        0x0 linker stubs

.glue_7t        0x10007790        0x0
 .glue_7t       0x10007790        0x0 linker stubs

.vfp11_veneer   0x10007790        0x0
 .vfp11_veneer  0x10007790        0x0 linker stubs

.v4_bx          0x10007790        0x0
 .v4_bx         0x10007790        0x0 linker stubs

.iplt           0x10007790        0x0
 .iplt          0x10007790        0x0 c:/progra~2/gnuarm~1/102021~1.10/bin/../lib/gcc/arm-none-eabi/10.3.1/thumb/v6-m/nofp/crtbegin.o

.rodata         0x10007790     0x1874
 *(EXCLUDE_FILE(*libm.a: *libc.a:*lib_a-mem*.o *libgcc.a:) .rodata*)
 .rodata.spin_lock_claim_unused.str1.4
                0x10007790       0x1b CMakeFiles/testtask-uc.dir/C_/Program_Files/Raspberry_Pi/Pico_SDK_v1.5.1/pico-sdk/src/rp2_common/hardware_sync/sync.c.obj
 *fill*         0x100077ab        0x1 
 .rodata.make_branch.str1.4
                0x100077ac       0x89 CMakeFiles/testtask-uc.dir/C_/Program_Files/Raspberry_Pi/Pico_SDK_v1.5.1/pico-sdk/src/rp2_common/hardware_irq/irq.c.obj
 *fill*         0x10007835        0x3 
 .rodata.insert_branch_and_link.str1.4
                0x10007838       0x10 CMakeFiles/testtask-uc.dir/C_/Program_Files/Raspberry_Pi/Pico_SDK_v1.5.1/pico-sdk/src/rp2_common/hardware_irq/irq.c.obj
 .rodata.irq_set_exclusive_handler.str1.4
                0x10007848       0x36 CMakeFiles/testtask-uc.dir/C_/Program_Files/Raspberry_Pi/Pico_SDK_v1.5.1/pico-sdk/src/rp2_common/hardware_irq/irq.c.obj
 *fill*         0x1000787e        0x2 
 .rodata.irq_add_shared_handler.str1.4
                0x10007880       0xd9 CMakeFiles/testtask-uc.dir/C_/Program_Files/Raspberry_Pi/Pico_SDK_v1.5.1/pico-sdk/src/rp2_common/hardware_irq/irq.c.obj
 *fill*         0x10007959        0x3 
 .rodata.irq_remove_handler.str1.4
                0x1000795c       0x3a CMakeFiles/testtask-uc.dir/C_/Program_Files/Raspberry_Pi/Pico_SDK_v1.5.1/pico-sdk/src/rp2_common/hardware_irq/irq.c.obj
 *fill*         0x10007996        0x2 
 .rodata.irq_add_tail_to_free_list.str1.4
                0x10007998       0x3a CMakeFiles/testtask-uc.dir/C_/Program_Files/Raspberry_Pi/Pico_SDK_v1.5.1/pico-sdk/src/rp2_common/hardware_irq/irq.c.obj
 *fill*         0x100079d2        0x2 
 .rodata.user_irq_claim_unused.str1.4
                0x100079d4       0x1b CMakeFiles/testtask-uc.dir/C_/Program_Files/Raspberry_Pi/Pico_SDK_v1.5.1/pico-sdk/src/rp2_common/hardware_irq/irq.c.obj
 *fill*         0x100079ef        0x1 
 .rodata.__func__.0
                0x100079f0       0x1a CMakeFiles/testtask-uc.dir/C_/Program_Files/Raspberry_Pi/Pico_SDK_v1.5.1/pico-sdk/src/rp2_common/hardware_irq/irq.c.obj
 *fill*         0x10007a0a        0x2 
 .rodata.__func__.1
                0x10007a0c       0x17 CMakeFiles/testtask-uc.dir/C_/Program_Files/Raspberry_Pi/Pico_SDK_v1.5.1/pico-sdk/src/rp2_common/hardware_irq/irq.c.obj
 *fill*         0x10007a23        0x1 
 .rodata.__func__.2
                0x10007a24       0x13 CMakeFiles/testtask-uc.dir/C_/Program_Files/Raspberry_Pi/Pico_SDK_v1.5.1/pico-sdk/src/rp2_common/hardware_irq/irq.c.obj
 *fill*         0x10007a37        0x1 
 .rodata.__func__.3
                0x10007a38        0xc CMakeFiles/testtask-uc.dir/C_/Program_Files/Raspberry_Pi/Pico_SDK_v1.5.1/pico-sdk/src/rp2_common/hardware_irq/irq.c.obj
 .rodata.__func__.4
                0x10007a44        0xf CMakeFiles/testtask-uc.dir/C_/Program_Files/Raspberry_Pi/Pico_SDK_v1.5.1/pico-sdk/src/rp2_common/hardware_irq/irq.c.obj
 *fill*         0x10007a53        0x1 
 .rodata.__func__.5
                0x10007a54       0x17 CMakeFiles/testtask-uc.dir/C_/Program_Files/Raspberry_Pi/Pico_SDK_v1.5.1/pico-sdk/src/rp2_common/hardware_irq/irq.c.obj
 *fill*         0x10007a6b        0x1 
 .rodata.__func__.6
                0x10007a6c       0x1a CMakeFiles/testtask-uc.dir/C_/Program_Files/Raspberry_Pi/Pico_SDK_v1.5.1/pico-sdk/src/rp2_common/hardware_irq/irq.c.obj
 *fill*         0x10007a86        0x2 
 .rodata.str1.4
                0x10007a88      0x115 CMakeFiles/testtask-uc.dir/C_/Program_Files/Raspberry_Pi/Pico_SDK_v1.5.1/pico-sdk/src/common/pico_sync/mutex.c.obj
 *fill*         0x10007b9d        0x3 
 .rodata.__func__.1
                0x10007ba0        0xb CMakeFiles/testtask-uc.dir/C_/Program_Files/Raspberry_Pi/Pico_SDK_v1.5.1/pico-sdk/src/common/pico_sync/mutex.c.obj
 *fill*         0x10007bab        0x1 
 .rodata.__func__.3
                0x10007bac       0x18 CMakeFiles/testtask-uc.dir/C_/Program_Files/Raspberry_Pi/Pico_SDK_v1.5.1/pico-sdk/src/common/pico_sync/mutex.c.obj
 .rodata.__func__.4
                0x10007bc4       0x15 CMakeFiles/testtask-uc.dir/C_/Program_Files/Raspberry_Pi/Pico_SDK_v1.5.1/pico-sdk/src/common/pico_sync/mutex.c.obj
 *fill*         0x10007bd9        0x3 
 .rodata.repeating_timer_callback.str1.4
                0x10007bdc       0x67 CMakeFiles/testtask-uc.dir/C_/Program_Files/Raspberry_Pi/Pico_SDK_v1.5.1/pico-sdk/src/common/pico_time/time.c.obj
 *fill*         0x10007c43        0x1 
 .rodata.timer_pool_entry_comparator.str1.4
                0x10007c44       0x22 CMakeFiles/testtask-uc.dir/C_/Program_Files/Raspberry_Pi/Pico_SDK_v1.5.1/pico-sdk/src/common/pico_time/time.c.obj
 *fill*         0x10007c66        0x2 
 .rodata.ph_add_child_node.str1.4
                0x10007c68       0xa2 CMakeFiles/testtask-uc.dir/C_/Program_Files/Raspberry_Pi/Pico_SDK_v1.5.1/pico-sdk/src/common/pico_time/time.c.obj
 *fill*         0x10007d0a        0x2 
 .rodata.add_alarm_under_lock.str1.4
                0x10007d0c       0x28 CMakeFiles/testtask-uc.dir/C_/Program_Files/Raspberry_Pi/Pico_SDK_v1.5.1/pico-sdk/src/common/pico_time/time.c.obj
                                 0x2b (size before relaxing)
 .rodata.alarm_pool_alarm_callback.str1.4
                0x10007d34       0x98 CMakeFiles/testtask-uc.dir/C_/Program_Files/Raspberry_Pi/Pico_SDK_v1.5.1/pico-sdk/src/common/pico_time/time.c.obj
                                0x108 (size before relaxing)
 .rodata.alarm_pool_get_default.str1.4
                0x10007dcc       0x21 CMakeFiles/testtask-uc.dir/C_/Program_Files/Raspberry_Pi/Pico_SDK_v1.5.1/pico-sdk/src/common/pico_time/time.c.obj
 *fill*         0x10007ded        0x3 
 .rodata.alarm_pool_cancel_alarm.str1.4
                0x10007df0       0x27 CMakeFiles/testtask-uc.dir/C_/Program_Files/Raspberry_Pi/Pico_SDK_v1.5.1/pico-sdk/src/common/pico_time/time.c.obj
 *fill*         0x10007e17        0x1 
 .rodata.sleep_until.str1.4
                0x10007e18       0x4d CMakeFiles/testtask-uc.dir/C_/Program_Files/Raspberry_Pi/Pico_SDK_v1.5.1/pico-sdk/src/common/pico_time/time.c.obj
 *fill*         0x10007e65        0x3 
 .rodata.__func__.1
                0x10007e68       0x18 CMakeFiles/testtask-uc.dir/C_/Program_Files/Raspberry_Pi/Pico_SDK_v1.5.1/pico-sdk/src/common/pico_time/time.c.obj
 .rodata.__func__.10
                0x10007e80       0x15 CMakeFiles/testtask-uc.dir/C_/Program_Files/Raspberry_Pi/Pico_SDK_v1.5.1/pico-sdk/src/common/pico_time/time.c.obj
 *fill*         0x10007e95        0x3 
 .rodata.__func__.11
                0x10007e98       0x1a CMakeFiles/testtask-uc.dir/C_/Program_Files/Raspberry_Pi/Pico_SDK_v1.5.1/pico-sdk/src/common/pico_time/time.c.obj
 *fill*         0x10007eb2        0x2 
 .rodata.__func__.12
                0x10007eb4        0xa CMakeFiles/testtask-uc.dir/C_/Program_Files/Raspberry_Pi/Pico_SDK_v1.5.1/pico-sdk/src/common/pico_time/time.c.obj
 *fill*         0x10007ebe        0x2 
 .rodata.__func__.3
                0x10007ec0       0x17 CMakeFiles/testtask-uc.dir/C_/Program_Files/Raspberry_Pi/Pico_SDK_v1.5.1/pico-sdk/src/common/pico_time/time.c.obj
 *fill*         0x10007ed7        0x1 
 .rodata.__func__.4
                0x10007ed8       0x12 CMakeFiles/testtask-uc.dir/C_/Program_Files/Raspberry_Pi/Pico_SDK_v1.5.1/pico-sdk/src/common/pico_time/time.c.obj
 *fill*         0x10007eea        0x2 
 .rodata.__func__.5
                0x10007eec        0xd CMakeFiles/testtask-uc.dir/C_/Program_Files/Raspberry_Pi/Pico_SDK_v1.5.1/pico-sdk/src/common/pico_time/time.c.obj
 *fill*         0x10007ef9        0x3 
 .rodata.__func__.6
                0x10007efc       0x12 CMakeFiles/testtask-uc.dir/C_/Program_Files/Raspberry_Pi/Pico_SDK_v1.5.1/pico-sdk/src/common/pico_time/time.c.obj
 *fill*         0x10007f0e        0x2 
 .rodata.__func__.7
                0x10007f10        0xf CMakeFiles/testtask-uc.dir/C_/Program_Files/Raspberry_Pi/Pico_SDK_v1.5.1/pico-sdk/src/common/pico_time/time.c.obj
 *fill*         0x10007f1f        0x1 
 .rodata.__func__.8
                0x10007f20        0xc CMakeFiles/testtask-uc.dir/C_/Program_Files/Raspberry_Pi/Pico_SDK_v1.5.1/pico-sdk/src/common/pico_time/time.c.obj
 .rodata.__func__.9
                0x10007f2c       0x15 CMakeFiles/testtask-uc.dir/C_/Program_Files/Raspberry_Pi/Pico_SDK_v1.5.1/pico-sdk/src/common/pico_time/time.c.obj
 *fill*         0x10007f41        0x3 
 .rodata.hardware_alarm_claim.str1.4
                0x10007f44       0x22 CMakeFiles/testtask-uc.dir/C_/Program_Files/Raspberry_Pi/Pico_SDK_v1.5.1/pico-sdk/src/rp2_common/hardware_timer/timer.c.obj
 .rodata.busy_wait_us.str1.4
                0x10007f66       0x6e CMakeFiles/testtask-uc.dir/C_/Program_Files/Raspberry_Pi/Pico_SDK_v1.5.1/pico-sdk/src/rp2_common/hardware_timer/timer.c.obj
 *fill*         0x10007f66        0x2 
 .rodata.hardware_alarm_set_target.str1.4
                0x10007f68       0x81 CMakeFiles/testtask-uc.dir/C_/Program_Files/Raspberry_Pi/Pico_SDK_v1.5.1/pico-sdk/src/rp2_common/hardware_timer/timer.c.obj
 *fill*         0x10007fe9        0x3 
 .rodata.__func__.0
                0x10007fec       0x1a CMakeFiles/testtask-uc.dir/C_/Program_Files/Raspberry_Pi/Pico_SDK_v1.5.1/pico-sdk/src/rp2_common/hardware_timer/timer.c.obj
 *fill*         0x10008006        0x2 
 .rodata.__func__.1
                0x10008008       0x15 CMakeFiles/testtask-uc.dir/C_/Program_Files/Raspberry_Pi/Pico_SDK_v1.5.1/pico-sdk/src/rp2_common/hardware_timer/timer.c.obj
 .rodata.ph_add_child_node.str1.4
                0x1000801d       0xa2 CMakeFiles/testtask-uc.dir/C_/Program_Files/Raspberry_Pi/Pico_SDK_v1.5.1/pico-sdk/src/common/pico_util/pheap.c.obj
 *fill*         0x1000801d        0x3 
 .rodata.ph_remove_any_head.str1.4
                0x10008020       0xa8 CMakeFiles/testtask-uc.dir/C_/Program_Files/Raspberry_Pi/Pico_SDK_v1.5.1/pico-sdk/src/common/pico_util/pheap.c.obj
                                 0xbc (size before relaxing)
 .rodata.ph_remove_and_free_node.str1.4
                0x100080c8       0x1e CMakeFiles/testtask-uc.dir/C_/Program_Files/Raspberry_Pi/Pico_SDK_v1.5.1/pico-sdk/src/common/pico_util/pheap.c.obj
                                 0x26 (size before relaxing)
 *fill*         0x100080e6        0x2 
 .rodata.__func__.0
                0x100080e8       0x18 CMakeFiles/testtask-uc.dir/C_/Program_Files/Raspberry_Pi/Pico_SDK_v1.5.1/pico-sdk/src/common/pico_util/pheap.c.obj
 .rodata.__func__.1
                0x10008100       0x13 CMakeFiles/testtask-uc.dir/C_/Program_Files/Raspberry_Pi/Pico_SDK_v1.5.1/pico-sdk/src/common/pico_util/pheap.c.obj
 *fill*         0x10008113        0x1 
 .rodata.__func__.2
                0x10008114       0x12 CMakeFiles/testtask-uc.dir/C_/Program_Files/Raspberry_Pi/Pico_SDK_v1.5.1/pico-sdk/src/common/pico_util/pheap.c.obj
 *fill*         0x10008126        0x2 
 .rodata.__func__.3
                0x10008128        0xc CMakeFiles/testtask-uc.dir/C_/Program_Files/Raspberry_Pi/Pico_SDK_v1.5.1/pico-sdk/src/common/pico_util/pheap.c.obj
 .rodata.clock_configure.str1.4
                0x10008134       0x73 CMakeFiles/testtask-uc.dir/C_/Program_Files/Raspberry_Pi/Pico_SDK_v1.5.1/pico-sdk/src/rp2_common/hardware_clocks/clocks.c.obj
 *fill*         0x100081a7        0x1 
 .rodata.__func__.1
                0x100081a8       0x10 CMakeFiles/testtask-uc.dir/C_/Program_Files/Raspberry_Pi/Pico_SDK_v1.5.1/pico-sdk/src/rp2_common/hardware_clocks/clocks.c.obj
 .rodata.pll_init.str1.4
                0x100081b8      0x140 CMakeFiles/testtask-uc.dir/C_/Program_Files/Raspberry_Pi/Pico_SDK_v1.5.1/pico-sdk/src/rp2_common/hardware_pll/pll.c.obj
 .rodata.__func__.0
                0x100082f8        0x9 CMakeFiles/testtask-uc.dir/C_/Program_Files/Raspberry_Pi/Pico_SDK_v1.5.1/pico-sdk/src/rp2_common/hardware_pll/pll.c.obj
 *fill*         0x10008301        0x3 
 .rodata.__assert_func.str1.4
                0x10008304       0x3f CMakeFiles/testtask-uc.dir/C_/Program_Files/Raspberry_Pi/Pico_SDK_v1.5.1/pico-sdk/src/rp2_common/pico_runtime/runtime.c.obj
                                 0x43 (size before relaxing)
 *fill*         0x10008343        0x1 
 .rodata.runtime_init.str1.4
                0x10008344       0x7d CMakeFiles/testtask-uc.dir/C_/Program_Files/Raspberry_Pi/Pico_SDK_v1.5.1/pico-sdk/src/rp2_common/pico_runtime/runtime.c.obj
 *fill*         0x100083c1        0x3 
 .rodata.panic.str1.4
                0x100083c4       0x12 CMakeFiles/testtask-uc.dir/C_/Program_Files/Raspberry_Pi/Pico_SDK_v1.5.1/pico-sdk/src/rp2_common/pico_runtime/runtime.c.obj
 *fill*         0x100083d6        0x2 
 .rodata.__func__.2
                0x100083d8        0xd CMakeFiles/testtask-uc.dir/C_/Program_Files/Raspberry_Pi/Pico_SDK_v1.5.1/pico-sdk/src/rp2_common/pico_runtime/runtime.c.obj
 *fill*         0x100083e5        0x3 
 .rodata._ftoa.str1.4
                0x100083e8       0x15 CMakeFiles/testtask-uc.dir/C_/Program_Files/Raspberry_Pi/Pico_SDK_v1.5.1/pico-sdk/src/rp2_common/pico_printf/printf.c.obj
 *fill*         0x100083fd        0x3 
 .rodata._vsnprintf
                0x10008400      0x1e0 CMakeFiles/testtask-uc.dir/C_/Program_Files/Raspberry_Pi/Pico_SDK_v1.5.1/pico-sdk/src/rp2_common/pico_printf/printf.c.obj
 .rodata.pow10.0
                0x100085e0       0x50 CMakeFiles/testtask-uc.dir/C_/Program_Files/Raspberry_Pi/Pico_SDK_v1.5.1/pico-sdk/src/rp2_common/pico_printf/printf.c.obj
 .rodata.__aeabi_double_init.str1.4
                0x10008630       0xb8 CMakeFiles/testtask-uc.dir/C_/Program_Files/Raspberry_Pi/Pico_SDK_v1.5.1/pico-sdk/src/rp2_common/pico_double/double_init_rom.c.obj
 .rodata.__func__.0
                0x100086e8       0x14 CMakeFiles/testtask-uc.dir/C_/Program_Files/Raspberry_Pi/Pico_SDK_v1.5.1/pico-sdk/src/rp2_common/pico_double/double_init_rom.c.obj
 .rodata.__aeabi_float_init.str1.4
                0x100086fc       0x96 CMakeFiles/testtask-uc.dir/C_/Program_Files/Raspberry_Pi/Pico_SDK_v1.5.1/pico-sdk/src/rp2_common/pico_float/float_init_rom.c.obj
                                 0x9a (size before relaxing)
 *fill*         0x10008792        0x2 
 .rodata.__func__.0
                0x10008794       0x13 CMakeFiles/testtask-uc.dir/C_/Program_Files/Raspberry_Pi/Pico_SDK_v1.5.1/pico-sdk/src/rp2_common/pico_float/float_init_rom.c.obj
 *fill*         0x100087a7        0x1 
 .rodata.str1.4
                0x100087a8       0x7c CMakeFiles/testtask-uc.dir/C_/Program_Files/Raspberry_Pi/Pico_SDK_v1.5.1/pico-sdk/src/rp2_common/pico_standard_link/binary_info.c.obj
 .rodata.__bi_44
                0x10008824        0xc CMakeFiles/testtask-uc.dir/C_/Program_Files/Raspberry_Pi/Pico_SDK_v1.5.1/pico-sdk/src/rp2_common/pico_standard_link/binary_info.c.obj
 .rodata.__bi_69
                0x10008830        0xc CMakeFiles/testtask-uc.dir/C_/Program_Files/Raspberry_Pi/Pico_SDK_v1.5.1/pico-sdk/src/rp2_common/pico_standard_link/binary_info.c.obj
 .rodata.__bi_75
                0x1000883c        0xc CMakeFiles/testtask-uc.dir/C_/Program_Files/Raspberry_Pi/Pico_SDK_v1.5.1/pico-sdk/src/rp2_common/pico_standard_link/binary_info.c.obj
 .rodata.__bi_81
                0x10008848        0xc CMakeFiles/testtask-uc.dir/C_/Program_Files/Raspberry_Pi/Pico_SDK_v1.5.1/pico-sdk/src/rp2_common/pico_standard_link/binary_info.c.obj
 .rodata.stdout_serialize_begin.str1.4
                0x10008854       0x6e CMakeFiles/testtask-uc.dir/C_/Program_Files/Raspberry_Pi/Pico_SDK_v1.5.1/pico-sdk/src/rp2_common/pico_stdio/stdio.c.obj
 .rodata.__func__.3
                0x10008854       0x15 CMakeFiles/testtask-uc.dir/C_/Program_Files/Raspberry_Pi/Pico_SDK_v1.5.1/pico-sdk/src/rp2_common/pico_stdio/stdio.c.obj
 *fill*         0x10008869        0x3 
 .rodata.crlf_str.2
                0x1000886c        0x2 CMakeFiles/testtask-uc.dir/C_/Program_Files/Raspberry_Pi/Pico_SDK_v1.5.1/pico-sdk/src/rp2_common/pico_stdio/stdio.c.obj
 *fill*         0x1000886e        0x2 
 .rodata._resetd_driver
                0x10008870       0x18 CMakeFiles/testtask-uc.dir/C_/Program_Files/Raspberry_Pi/Pico_SDK_v1.5.1/pico-sdk/src/rp2_common/pico_stdio_usb/reset_interface.c.obj
 .rodata.low_priority_worker_irq.str1.4
                0x10008888       0x6e CMakeFiles/testtask-uc.dir/C_/Program_Files/Raspberry_Pi/Pico_SDK_v1.5.1/pico-sdk/src/rp2_common/pico_stdio_usb/stdio_usb.c.obj
 .rodata.stdio_usb_init.str1.4
                0x10008888       0x61 CMakeFiles/testtask-uc.dir/C_/Program_Files/Raspberry_Pi/Pico_SDK_v1.5.1/pico-sdk/src/rp2_common/pico_stdio_usb/stdio_usb.c.obj
                                 0x69 (size before relaxing)
 *fill*         0x100088e9        0x3 
 .rodata.str1.4
                0x100088ec       0x13 CMakeFiles/testtask-uc.dir/C_/Program_Files/Raspberry_Pi/Pico_SDK_v1.5.1/pico-sdk/src/rp2_common/pico_stdio_usb/stdio_usb.c.obj
 *fill*         0x100088ff        0x1 
 .rodata.__bi_182.0
                0x10008900        0xc CMakeFiles/testtask-uc.dir/C_/Program_Files/Raspberry_Pi/Pico_SDK_v1.5.1/pico-sdk/src/rp2_common/pico_stdio_usb/stdio_usb.c.obj
 .rodata.__func__.1
                0x1000890c        0xf CMakeFiles/testtask-uc.dir/C_/Program_Files/Raspberry_Pi/Pico_SDK_v1.5.1/pico-sdk/src/rp2_common/pico_stdio_usb/stdio_usb.c.obj
 *fill*         0x1000891b        0x1 
 .rodata.__func__.3
                0x1000891c       0x15 CMakeFiles/testtask-uc.dir/C_/Program_Files/Raspberry_Pi/Pico_SDK_v1.5.1/pico-sdk/src/rp2_common/pico_stdio_usb/stdio_usb.c.obj
 *fill*         0x10008931        0x3 
 .rodata.str1.4
                0x10008934       0x2a CMakeFiles/testtask-uc.dir/C_/Program_Files/Raspberry_Pi/Pico_SDK_v1.5.1/pico-sdk/src/rp2_common/pico_stdio_usb/stdio_usb_descriptors.c.obj
 *fill*         0x1000895e        0x2 
 .rodata.usbd_desc_cfg
                0x10008960       0x54 CMakeFiles/testtask-uc.dir/C_/Program_Files/Raspberry_Pi/Pico_SDK_v1.5.1/pico-sdk/src/rp2_common/pico_stdio_usb/stdio_usb_descriptors.c.obj
 .rodata.usbd_desc_device
                0x100089b4       0x12 CMakeFiles/testtask-uc.dir/C_/Program_Files/Raspberry_Pi/Pico_SDK_v1.5.1/pico-sdk/src/rp2_common/pico_stdio_usb/stdio_usb_descriptors.c.obj
 *fill*         0x100089c6        0x2 
 .rodata.usbd_desc_str
                0x100089c8       0x18 CMakeFiles/testtask-uc.dir/C_/Program_Files/Raspberry_Pi/Pico_SDK_v1.5.1/pico-sdk/src/rp2_common/pico_stdio_usb/stdio_usb_descriptors.c.obj
 .rodata.pico_get_unique_board_id_string.str1.4
                0x100089e0       0x69 CMakeFiles/testtask-uc.dir/C_/Program_Files/Raspberry_Pi/Pico_SDK_v1.5.1/pico-sdk/src/rp2_common/pico_unique_id/unique_id.c.obj
 *fill*         0x10008a49        0x3 
 .rodata.__func__.0
                0x10008a4c       0x20 CMakeFiles/testtask-uc.dir/C_/Program_Files/Raspberry_Pi/Pico_SDK_v1.5.1/pico-sdk/src/rp2_common/pico_unique_id/unique_id.c.obj
 .rodata.str1.4
                0x10008a6c      0x176 CMakeFiles/testtask-uc.dir/C_/Program_Files/Raspberry_Pi/Pico_SDK_v1.5.1/pico-sdk/src/rp2_common/hardware_flash/flash.c.obj
 *fill*         0x10008be2        0x2 
 .rodata.__func__.0
                0x10008be4        0xd CMakeFiles/testtask-uc.dir/C_/Program_Files/Raspberry_Pi/Pico_SDK_v1.5.1/pico-sdk/src/rp2_common/hardware_flash/flash.c.obj
 *fill*         0x10008bf1        0x3 
 .rodata._hw_endpoint_alloc.str1.4
                0x10008bf4       0xd1 CMakeFiles/testtask-uc.dir/C_/Program_Files/Raspberry_Pi/Pico_SDK_v1.5.1/pico-sdk/lib/tinyusb/src/portable/raspberrypi/rp2040/dcd_rp2040.c.obj
 *fill*         0x10008cc5        0x3 
 .rodata.str1.4
                0x10008cc8       0x14 CMakeFiles/testtask-uc.dir/C_/Program_Files/Raspberry_Pi/Pico_SDK_v1.5.1/pico-sdk/lib/tinyusb/src/portable/raspberrypi/rp2040/dcd_rp2040.c.obj
 .rodata.dcd_int_enable.str1.4
                0x10008cdc        0xc CMakeFiles/testtask-uc.dir/C_/Program_Files/Raspberry_Pi/Pico_SDK_v1.5.1/pico-sdk/lib/tinyusb/src/portable/raspberrypi/rp2040/dcd_rp2040.c.obj
 .rodata.__func__.0
                0x10008ce8        0xe CMakeFiles/testtask-uc.dir/C_/Program_Files/Raspberry_Pi/Pico_SDK_v1.5.1/pico-sdk/lib/tinyusb/src/portable/raspberrypi/rp2040/dcd_rp2040.c.obj
 *fill*         0x10008cf6        0x2 
 .rodata.__func__.1
                0x10008cf8        0xe CMakeFiles/testtask-uc.dir/C_/Program_Files/Raspberry_Pi/Pico_SDK_v1.5.1/pico-sdk/lib/tinyusb/src/portable/raspberrypi/rp2040/dcd_rp2040.c.obj
 *fill*         0x10008d06        0x2 
 .rodata.__func__.3
                0x10008d08       0x10 CMakeFiles/testtask-uc.dir/C_/Program_Files/Raspberry_Pi/Pico_SDK_v1.5.1/pico-sdk/lib/tinyusb/src/portable/raspberrypi/rp2040/dcd_rp2040.c.obj
 .rodata.__func__.5
                0x10008d18        0xf CMakeFiles/testtask-uc.dir/C_/Program_Files/Raspberry_Pi/Pico_SDK_v1.5.1/pico-sdk/lib/tinyusb/src/portable/raspberrypi/rp2040/dcd_rp2040.c.obj
 *fill*         0x10008d27        0x1 
 .rodata.__func__.6
                0x10008d28       0x13 CMakeFiles/testtask-uc.dir/C_/Program_Files/Raspberry_Pi/Pico_SDK_v1.5.1/pico-sdk/lib/tinyusb/src/portable/raspberrypi/rp2040/dcd_rp2040.c.obj
 *fill*         0x10008d3b        0x1 
 .rodata.__func__.7
                0x10008d3c        0x9 CMakeFiles/testtask-uc.dir/C_/Program_Files/Raspberry_Pi/Pico_SDK_v1.5.1/pico-sdk/lib/tinyusb/src/portable/raspberrypi/rp2040/dcd_rp2040.c.obj
 *fill*         0x10008d45        0x3 
 .rodata.str1.4
                0x10008d48      0x103 CMakeFiles/testtask-uc.dir/C_/Program_Files/Raspberry_Pi/Pico_SDK_v1.5.1/pico-sdk/lib/tinyusb/src/portable/raspberrypi/rp2040/rp2040_usb.c.obj
 *fill*         0x10008e4b        0x1 
 .rodata.__func__.0
                0x10008e4c        0xf CMakeFiles/testtask-uc.dir/C_/Program_Files/Raspberry_Pi/Pico_SDK_v1.5.1/pico-sdk/lib/tinyusb/src/portable/raspberrypi/rp2040/rp2040_usb.c.obj
 *fill*         0x10008e5b        0x1 
 .rodata.process_get_descriptor
                0x10008e5c       0x40 CMakeFiles/testtask-uc.dir/C_/Program_Files/Raspberry_Pi/Pico_SDK_v1.5.1/pico-sdk/lib/tinyusb/src/device/usbd.c.obj
 .rodata.process_control_request
                0x10008e9c       0x28 CMakeFiles/testtask-uc.dir/C_/Program_Files/Raspberry_Pi/Pico_SDK_v1.5.1/pico-sdk/lib/tinyusb/src/device/usbd.c.obj
 .rodata.tud_task_ext
                0x10008ec4       0x24 CMakeFiles/testtask-uc.dir/C_/Program_Files/Raspberry_Pi/Pico_SDK_v1.5.1/pico-sdk/lib/tinyusb/src/device/usbd.c.obj
 .rodata._usbd_driver
                0x10008ee8       0x18 CMakeFiles/testtask-uc.dir/C_/Program_Files/Raspberry_Pi/Pico_SDK_v1.5.1/pico-sdk/lib/tinyusb/src/device/usbd.c.obj
 .rodata._ctype_
                0x10008f00      0x101 c:/progra~2/gnuarm~1/102021~1.10/bin/../lib/gcc/arm-none-eabi/10.3.1/../../../../arm-none-eabi/lib/thumb/v6-m/nofp\libg.a(lib_a-ctype_.o)
                0x10008f00                _ctype_
                0x10009004                . = ALIGN (0x4)
 *fill*         0x10009001        0x3 
 *(SORT_BY_ALIGNMENT(SORT_BY_NAME(.flashdata*)))
                0x10009004                . = ALIGN (0x4)

.ARM.extab
 *(.ARM.extab* .gnu.linkonce.armextab.*)
                0x10009004                __exidx_start = .

.ARM.exidx
 *(.ARM.exidx* .gnu.linkonce.armexidx.*)
                0x10009004                __exidx_end = .
                0x10009004                . = ALIGN (0x4)
                0x10009004                __binary_info_start = .

.binary_info    0x10009004       0x24
 *(.binary_info.keep.*)
 .binary_info.keep.__bi_ptr22
                0x10009004        0x4 CMakeFiles/testtask-uc.dir/C_/Program_Files/Raspberry_Pi/Pico_SDK_v1.5.1/pico-sdk/src/rp2_common/pico_standard_link/binary_info.c.obj
 .binary_info.keep.__bi_ptr30
                0x10009008        0x4 CMakeFiles/testtask-uc.dir/C_/Program_Files/Raspberry_Pi/Pico_SDK_v1.5.1/pico-sdk/src/rp2_common/pico_standard_link/binary_info.c.obj
 .binary_info.keep.__bi_ptr38
                0x1000900c        0x4 CMakeFiles/testtask-uc.dir/C_/Program_Files/Raspberry_Pi/Pico_SDK_v1.5.1/pico-sdk/src/rp2_common/pico_standard_link/binary_info.c.obj
 .binary_info.keep.__bi_ptr44
                0x10009010        0x4 CMakeFiles/testtask-uc.dir/C_/Program_Files/Raspberry_Pi/Pico_SDK_v1.5.1/pico-sdk/src/rp2_common/pico_standard_link/binary_info.c.obj
 .binary_info.keep.__bi_ptr50
                0x10009014        0x4 CMakeFiles/testtask-uc.dir/C_/Program_Files/Raspberry_Pi/Pico_SDK_v1.5.1/pico-sdk/src/rp2_common/pico_standard_link/binary_info.c.obj
 .binary_info.keep.__bi_ptr69
                0x10009018        0x4 CMakeFiles/testtask-uc.dir/C_/Program_Files/Raspberry_Pi/Pico_SDK_v1.5.1/pico-sdk/src/rp2_common/pico_standard_link/binary_info.c.obj
 .binary_info.keep.__bi_ptr75
                0x1000901c        0x4 CMakeFiles/testtask-uc.dir/C_/Program_Files/Raspberry_Pi/Pico_SDK_v1.5.1/pico-sdk/src/rp2_common/pico_standard_link/binary_info.c.obj
 .binary_info.keep.__bi_ptr81
                0x10009020        0x4 CMakeFiles/testtask-uc.dir/C_/Program_Files/Raspberry_Pi/Pico_SDK_v1.5.1/pico-sdk/src/rp2_common/pico_standard_link/binary_info.c.obj
 *(.binary_info.*)
 .binary_info.__bi_ptr182
                0x10009024        0x4 CMakeFiles/testtask-uc.dir/C_/Program_Files/Raspberry_Pi/Pico_SDK_v1.5.1/pico-sdk/src/rp2_common/pico_stdio_usb/stdio_usb.c.obj
                0x10009028                __binary_info_end = .

.rel.dyn        0x10009028        0x0
 .rel.iplt      0x10009028        0x0 c:/progra~2/gnuarm~1/102021~1.10/bin/../lib/gcc/arm-none-eabi/10.3.1/thumb/v6-m/nofp/crtbegin.o
                0x10009028                . = ALIGN (0x4)

.ram_vector_table
                0x20000000       0xc0
 *(.ram_vector_table)
 .ram_vector_table
                0x20000000       0xc0 CMakeFiles/testtask-uc.dir/C_/Program_Files/Raspberry_Pi/Pico_SDK_v1.5.1/pico-sdk/src/rp2_common/pico_runtime/runtime.c.obj
                0x20000000                ram_vector_table

.data           0x200000c0      0xbf0 load address 0x10009028
                0x200000c0                __data_start__ = .
 *(vtable)
 *(.time_critical*)
 .time_critical.mutex_try_enter
                0x200000c0       0x46 CMakeFiles/testtask-uc.dir/C_/Program_Files/Raspberry_Pi/Pico_SDK_v1.5.1/pico-sdk/src/common/pico_sync/mutex.c.obj
                0x200000c0                mutex_try_enter
 *fill*         0x20000106        0x2 
 .time_critical.mutex_enter_block_until
                0x20000108       0x8c CMakeFiles/testtask-uc.dir/C_/Program_Files/Raspberry_Pi/Pico_SDK_v1.5.1/pico-sdk/src/common/pico_sync/mutex.c.obj
                0x20000108                mutex_enter_block_until
 .time_critical.mutex_try_enter_block_until
                0x20000194       0x34 CMakeFiles/testtask-uc.dir/C_/Program_Files/Raspberry_Pi/Pico_SDK_v1.5.1/pico-sdk/src/common/pico_sync/mutex.c.obj
                0x20000194                mutex_try_enter_block_until
 .time_critical.mutex_enter_timeout_ms
                0x200001c8       0x68 CMakeFiles/testtask-uc.dir/C_/Program_Files/Raspberry_Pi/Pico_SDK_v1.5.1/pico-sdk/src/common/pico_sync/mutex.c.obj
                0x200001c8                mutex_enter_timeout_ms
 .time_critical.mutex_exit
                0x20000230       0x4c CMakeFiles/testtask-uc.dir/C_/Program_Files/Raspberry_Pi/Pico_SDK_v1.5.1/pico-sdk/src/common/pico_sync/mutex.c.obj
                0x20000230                mutex_exit
 .time_critical.flash_init_boot2_copyout
                0x2000027c       0x30 CMakeFiles/testtask-uc.dir/C_/Program_Files/Raspberry_Pi/Pico_SDK_v1.5.1/pico-sdk/src/rp2_common/hardware_flash/flash.c.obj
 .time_critical.flash_enable_xip_via_boot2
                0x200002ac       0x10 CMakeFiles/testtask-uc.dir/C_/Program_Files/Raspberry_Pi/Pico_SDK_v1.5.1/pico-sdk/src/rp2_common/hardware_flash/flash.c.obj
 .time_critical.flash_cs_force
                0x200002bc       0x28 CMakeFiles/testtask-uc.dir/C_/Program_Files/Raspberry_Pi/Pico_SDK_v1.5.1/pico-sdk/src/rp2_common/hardware_flash/flash.c.obj
 .time_critical.flash_do_cmd
                0x200002e4       0xd8 CMakeFiles/testtask-uc.dir/C_/Program_Files/Raspberry_Pi/Pico_SDK_v1.5.1/pico-sdk/src/rp2_common/hardware_flash/flash.c.obj
                0x200002e4                flash_do_cmd
 .time_critical.reset_non_control_endpoints
                0x200003bc       0x40 CMakeFiles/testtask-uc.dir/C_/Program_Files/Raspberry_Pi/Pico_SDK_v1.5.1/pico-sdk/lib/tinyusb/src/portable/raspberrypi/rp2040/dcd_rp2040.c.obj
 .time_critical.hw_handle_buff_status
                0x200003fc       0xa4 CMakeFiles/testtask-uc.dir/C_/Program_Files/Raspberry_Pi/Pico_SDK_v1.5.1/pico-sdk/lib/tinyusb/src/portable/raspberrypi/rp2040/dcd_rp2040.c.obj
 .time_critical.dcd_rp2040_irq
                0x200004a0      0x1cc CMakeFiles/testtask-uc.dir/C_/Program_Files/Raspberry_Pi/Pico_SDK_v1.5.1/pico-sdk/lib/tinyusb/src/portable/raspberrypi/rp2040/dcd_rp2040.c.obj
 .time_critical.e15_is_bulkin_ep
                0x2000066c       0x2c CMakeFiles/testtask-uc.dir/C_/Program_Files/Raspberry_Pi/Pico_SDK_v1.5.1/pico-sdk/lib/tinyusb/src/portable/raspberrypi/rp2040/rp2040_usb.c.obj
 .time_critical.e15_is_critical_frame_period
                0x20000698       0x30 CMakeFiles/testtask-uc.dir/C_/Program_Files/Raspberry_Pi/Pico_SDK_v1.5.1/pico-sdk/lib/tinyusb/src/portable/raspberrypi/rp2040/rp2040_usb.c.obj
 .time_critical.prepare_ep_buffer
                0x200006c8       0x70 CMakeFiles/testtask-uc.dir/C_/Program_Files/Raspberry_Pi/Pico_SDK_v1.5.1/pico-sdk/lib/tinyusb/src/portable/raspberrypi/rp2040/rp2040_usb.c.obj